

================================================================
== Vivado HLS Report for 'hamming_window'
================================================================
* Date:           Tue Jun 28 11:15:14 2016

* Version:        2015.3 (Build 1368829 on Mon Sep 28 20:31:51 PM 2015)
* Project:        proj_c_valid
* Solution:       solution2
* Product family: zynq
* Target device:  xc7z020clg484-1


================================================================
== Performance Estimates
================================================================
+ Timing (ns): 
    * Summary: 
    +--------+-------+----------+------------+
    |  Clock | Target| Estimated| Uncertainty|
    +--------+-------+----------+------------+
    |ap_clk  |  10.00|      6.38|        1.25|
    +--------+-------+----------+------------+

+ Latency (clock cycles): 
    * Summary: 
    +-----+-----+-----+-----+---------+
    |  Latency  |  Interval | Pipeline|
    | min | max | min | max |   Type  |
    +-----+-----+-----+-----+---------+
    |  260|  260|  261|  261|   none  |
    +-----+-----+-----+-----+---------+

    + Detail: 
        * Instance: 
        N/A

        * Loop: 
        +----------+-----+-----+----------+-----------+-----------+------+----------+
        |          |  Latency  | Iteration|  Initiation Interval  | Trip |          |
        | Loop Name| min | max |  Latency |  achieved |   target  | Count| Pipelined|
        +----------+-----+-----+----------+-----------+-----------+------+----------+
        |- Loop 1  |  258|  258|         4|          1|          1|   256|    yes   |
        +----------+-----+-----+----------+-----------+-----------+------+----------+



================================================================
== Utilization Estimates
================================================================
* Summary: 
+-----------------+---------+-------+--------+-------+
|       Name      | BRAM_18K| DSP48E|   FF   |  LUT  |
+-----------------+---------+-------+--------+-------+
|DSP              |        -|      1|       -|      -|
|Expression       |        -|      -|       0|     13|
|FIFO             |        -|      -|       -|      -|
|Instance         |        -|      -|       -|      -|
|Memory           |        1|      -|       0|      0|
|Multiplexer      |        -|      -|       -|     11|
|Register         |        -|      -|      86|     10|
+-----------------+---------+-------+--------+-------+
|Total            |        1|      1|      86|     34|
+-----------------+---------+-------+--------+-------+
|Available        |      280|    220|  106400|  53200|
+-----------------+---------+-------+--------+-------+
|Utilization (%)  |    ~0   |   ~0  |   ~0   |   ~0  |
+-----------------+---------+-------+--------+-------+

+ Detail: 
    * Instance: 
    N/A

    * DSP48: 
    +-----------------------------------------+--------------------------------------+-----------+
    |                 Instance                |                Module                | Expression|
    +-----------------------------------------+--------------------------------------+-----------+
    |hamming_window_mul_mul_14ns_16s_30_1_U1  |hamming_window_mul_mul_14ns_16s_30_1  |  i0 * i1  |
    +-----------------------------------------+--------------------------------------+-----------+

    * Memory: 
    +----------------+-----------------------------+---------+---+----+------+-----+------+-------------+
    |     Memory     |            Module           | BRAM_18K| FF| LUT| Words| Bits| Banks| W*Bits*Banks|
    +----------------+-----------------------------+---------+---+----+------+-----+------+-------------+
    |window_coeff_U  |hamming_window_window_coeff  |        1|  0|   0|   256|   14|     1|         3584|
    +----------------+-----------------------------+---------+---+----+------+-----+------+-------------+
    |Total           |                             |        1|  0|   0|   256|   14|     1|         3584|
    +----------------+-----------------------------+---------+---+----+------+-----+------+-------------+

    * FIFO: 
    N/A

    * Expression: 
    +-------------------+----------+-------+---+----+------------+------------+
    |   Variable Name   | Operation| DSP48E| FF| LUT| Bitwidth P0| Bitwidth P1|
    +-------------------+----------+-------+---+----+------------+------------+
    |i_1_fu_91_p2       |     +    |      0|  0|   9|           9|           1|
    |exitcond_fu_85_p2  |   icmp   |      0|  0|   4|           9|          10|
    +-------------------+----------+-------+---+----+------------+------------+
    |Total              |          |      0|  0|  13|          18|          11|
    +-------------------+----------+-------+---+----+------------+------------+

    * Multiplexer: 
    +-----------------------+----+-----------+-----+-----------+
    |          Name         | LUT| Input Size| Bits| Total Bits|
    +-----------------------+----+-----------+-----+-----------+
    |ap_NS_fsm              |   1|          4|    1|          4|
    |ap_reg_ppiten_pp0_it3  |   1|          2|    1|          2|
    |i_reg_74               |   9|          2|    9|         18|
    +-----------------------+----+-----------+-----+-----------+
    |Total                  |  11|          8|   11|         24|
    +-----------------------+----+-----------+-----+-----------+

    * Register: 
    +---------------------------+----+----+-----+-----------+
    |            Name           | FF | LUT| Bits| Const Bits|
    +---------------------------+----+----+-----+-----------+
    |ap_CS_fsm                  |   3|   0|    3|          0|
    |ap_reg_ppiten_pp0_it0      |   1|   0|    1|          0|
    |ap_reg_ppiten_pp0_it1      |   1|   0|    1|          0|
    |ap_reg_ppiten_pp0_it2      |   1|   0|    1|          0|
    |ap_reg_ppiten_pp0_it3      |   1|   0|    1|          0|
    |exitcond_reg_119           |   1|   0|    1|          0|
    |i_reg_74                   |   9|   0|    9|          0|
    |indata_load_reg_148        |  16|   0|   16|          0|
    |tmp_3_reg_153              |  30|   0|   30|          0|
    |tmp_reg_128                |   9|   0|   64|         55|
    |window_coeff_load_reg_143  |  14|   0|   14|          0|
    |exitcond_reg_119           |   0|   1|    1|          0|
    |tmp_reg_128                |   0|   9|   64|         55|
    +---------------------------+----+----+-----+-----------+
    |Total                      |  86|  10|  206|        110|
    +---------------------------+----+----+-----+-----------+



================================================================
== Interface
================================================================
* Summary: 
+------------------+-----+-----+------------+----------------+--------------+
|     RTL Ports    | Dir | Bits|  Protocol  |  Source Object |    C Type    |
+------------------+-----+-----+------------+----------------+--------------+
|ap_clk            |  in |    1| ap_ctrl_hs | hamming_window | return value |
|ap_rst            |  in |    1| ap_ctrl_hs | hamming_window | return value |
|ap_start          |  in |    1| ap_ctrl_hs | hamming_window | return value |
|ap_done           | out |    1| ap_ctrl_hs | hamming_window | return value |
|ap_idle           | out |    1| ap_ctrl_hs | hamming_window | return value |
|ap_ready          | out |    1| ap_ctrl_hs | hamming_window | return value |
|outdata_address0  | out |    8|  ap_memory |     outdata    |     array    |
|outdata_ce0       | out |    1|  ap_memory |     outdata    |     array    |
|outdata_we0       | out |    1|  ap_memory |     outdata    |     array    |
|outdata_d0        | out |   32|  ap_memory |     outdata    |     array    |
|indata_address0   | out |    8|  ap_memory |     indata     |     array    |
|indata_ce0        | out |    1|  ap_memory |     indata     |     array    |
|indata_q0         |  in |   16|  ap_memory |     indata     |     array    |
+------------------+-----+-----+------------+----------------+--------------+

