

================================================================
== Synthesis Summary Report of 'kernel'
================================================================
+ General Information: 
    * Date:           Wed Jul 14 18:03:27 2021
    * Version:        2020.2 (Build 3064766 on Wed Nov 18 09:12:47 MST 2020)
    * Project:        hls_proj
    * Solution:       solution1 (Vivado IP Flow Target)
    * Product family: zynquplus
    * Target device:  xczu9eg-ffvb1156-2-e
    

+ Performance & Resource Estimates: 
    
    PS: '+' for module; 'o' for loop; '*' for dataflow
    +---------------------------+--------+-------+---------+-----------+----------+---------+------+----------+---------+---------+------------+------------+-----+
    |          Modules          |  Issue |       | Latency |  Latency  | Iteration|         | Trip |          |         |         |            |            |     |
    |          & Loops          |  Type  | Slack | (cycles)|    (ns)   |  Latency | Interval| Count| Pipelined|  BRAM   |   DSP   |     FF     |     LUT    | URAM|
    +---------------------------+--------+-------+---------+-----------+----------+---------+------+----------+---------+---------+------------+------------+-----+
    |+ kernel*                  |  Timing|   0.00|      544|  5.440e+03|         -|      545|     -|  dataflow|  9 (~0%)|  5 (~0%)|  2772 (~0%)|   3268 (1%)|    -|
    | + grp_Loop_1_proc3_fu_90  |  Timing|   0.00|      544|  5.440e+03|         -|      544|     -|        no|  3 (~0%)|  5 (~0%)|   952 (~0%)|  1040 (~0%)|    -|
    |  o Loop 1                 |       -|  -7.30|      101|  1.010e+03|         3|        1|   100|       yes|        -|        -|           -|           -|    -|
    |  o Loop 2                 |       -|  -7.30|      101|  1.010e+03|         3|        1|   100|       yes|        -|        -|           -|           -|    -|
    |  o Loop 3                 |       -|  -7.30|      101|  1.010e+03|         3|        1|   100|       yes|        -|        -|           -|           -|    -|
    |  o loop                   |       -|  -7.30|      108|  1.080e+03|        10|        1|   100|       yes|        -|        -|           -|           -|    -|
    |  o Loop 5                 |       -|  -7.30|      101|  1.010e+03|         3|        1|   100|       yes|        -|        -|           -|           -|    -|
    +---------------------------+--------+-------+---------+-----------+----------+---------+------+----------+---------+---------+------------+------------+-----+

