01:44:37 **** Auto Build of configuration Debug for project software ****
make all 
Building file: ../src/helloworld.c
Invoking: ARM gcc compiler
arm-xilinx-eabi-gcc -Wall -O0 -g3 -c -fmessage-length=0 -MT"src/helloworld.o" -I../../standalone_bsp_0/ps7_cortexa9_0/include -MMD -MP -MF"src/helloworld.d" -MT"src/helloworld.d" -o "src/helloworld.o" "../src/helloworld.c"
Finished building: ../src/helloworld.c
 
Building target: software.elf
Invoking: ARM gcc linker
arm-xilinx-eabi-gcc -Wl,-T -Wl,../src/lscript.ld -L../../standalone_bsp_0/ps7_cortexa9_0/lib -o "software.elf"  ./src/dma_simple_mode.o ./src/helloworld.o ./src/io_reg.o ./src/platform.o   -Wl,--start-group,-lxil,-lgcc,-lc,--end-group
Finished building target: software.elf
 
Invoking: ARM Print Size
arm-xilinx-eabi-size software.elf  |tee "software.elf.size"
   text	   data	    bss	    dec	    hex	filename
  35260	   1216	  22564	  59040	   e6a0	software.elf
Finished building: software.elf.size
 

01:44:39 Build Finished (took 1s.979ms)

