

================================================================
== Vivado HLS Report for 'window_fn_top'
================================================================
* Date:           Tue Jul  5 13:09:03 2016

* Version:        2015.3 (Build 1368829 on Mon Sep 28 20:31:51 PM 2015)
* Project:        window_fn_prj
* Solution:       solution1
* Product family: kintex7
* Target device:  xc7k160tfbg484-1


================================================================
== Performance Estimates
================================================================
+ Timing (ns): 
    * Summary: 
    +--------+-------+----------+------------+
    |  Clock | Target| Estimated| Uncertainty|
    +--------+-------+----------+------------+
    |ap_clk  |   5.00|      3.48|        0.62|
    +--------+-------+----------+------------+

+ Latency (clock cycles): 
    * Summary: 
    +-----+-----+-----+-----+---------+
    |  Latency  |  Interval | Pipeline|
    | min | max | min | max |   Type  |
    +-----+-----+-----+-----+---------+
    |  129|  129|  130|  130|   none  |
    +-----+-----+-----+-----+---------+

    + Detail: 
        * Instance: 
        N/A

        * Loop: 
        +--------------+-----+-----+----------+-----------+-----------+------+----------+
        |              |  Latency  | Iteration|  Initiation Interval  | Trip |          |
        |   Loop Name  | min | max |  Latency |  achieved |   target  | Count| Pipelined|
        +--------------+-----+-----+----------+-----------+-----------+------+----------+
        |- winfn_loop  |  128|  128|         4|          -|          -|    32|    no    |
        +--------------+-----+-----+----------+-----------+-----------+------+----------+



================================================================
== Utilization Estimates
================================================================
* Summary: 
+-----------------+---------+-------+--------+--------+
|       Name      | BRAM_18K| DSP48E|   FF   |   LUT  |
+-----------------+---------+-------+--------+--------+
|DSP              |        -|      1|       -|       -|
|Expression       |        -|      -|       0|       9|
|FIFO             |        -|      -|       -|       -|
|Instance         |        -|      -|       -|       -|
|Memory           |        0|      -|      17|       9|
|Multiplexer      |        -|      -|       -|       7|
|Register         |        -|      -|      23|       -|
+-----------------+---------+-------+--------+--------+
|Total            |        0|      1|      40|      25|
+-----------------+---------+-------+--------+--------+
|Available        |      650|    600|  202800|  101400|
+-----------------+---------+-------+--------+--------+
|Utilization (%)  |        0|   ~0  |   ~0   |   ~0   |
+-----------------+---------+-------+--------+--------+

+ Detail: 
    * Instance: 
    N/A

    * DSP48: 
    +---------------------------------------+------------------------------------+-----------+
    |                Instance               |               Module               | Expression|
    +---------------------------------------+------------------------------------+-----------+
    |window_fn_top_mul_mul_17ns_8s_24_3_U1  |window_fn_top_mul_mul_17ns_8s_24_3  |  i0 * i1  |
    +---------------------------------------+------------------------------------+-----------+

    * Memory: 
    +--------------+--------------------------+---------+----+----+------+-----+------+-------------+
    |    Memory    |          Module          | BRAM_18K| FF | LUT| Words| Bits| Banks| W*Bits*Banks|
    +--------------+--------------------------+---------+----+----+------+-----+------+-------------+
    |coeff_tab1_U  |window_fn_top_coeff_tab1  |        0|  17|   9|    32|   17|     1|          544|
    +--------------+--------------------------+---------+----+----+------+-----+------+-------------+
    |Total         |                          |        0|  17|   9|    32|   17|     1|          544|
    +--------------+--------------------------+---------+----+----+------+-----+------+-------------+

    * FIFO: 
    N/A

    * Expression: 
    +---------------------+----------+-------+---+----+------------+------------+
    |    Variable Name    | Operation| DSP48E| FF| LUT| Bitwidth P0| Bitwidth P1|
    +---------------------+----------+-------+---+----+------------+------------+
    |i_fu_81_p2           |     +    |      0|  0|   6|           6|           1|
    |exitcond_i_fu_75_p2  |   icmp   |      0|  0|   3|           6|           7|
    +---------------------+----------+-------+---+----+------------+------------+
    |Total                |          |      0|  0|   9|          12|           8|
    +---------------------+----------+-------+---+----+------------+------------+

    * Multiplexer: 
    +------------+----+-----------+-----+-----------+
    |    Name    | LUT| Input Size| Bits| Total Bits|
    +------------+----+-----------+-----+-----------+
    |ap_NS_fsm   |   1|          6|    1|          6|
    |i_i_reg_64  |   6|          2|    6|         12|
    +------------+----+-----------+-----+-----------+
    |Total       |   7|          8|    7|         18|
    +------------+----+-----------+-----+-----------+

    * Register: 
    +---------------+---+----+-----+-----------+
    |      Name     | FF| LUT| Bits| Const Bits|
    +---------------+---+----+-----+-----------+
    |ap_CS_fsm      |  5|   0|    5|          0|
    |i_i_reg_64     |  6|   0|    6|          0|
    |i_reg_111      |  6|   0|    6|          0|
    |tmp_i_reg_116  |  6|   0|   64|         58|
    +---------------+---+----+-----+-----------+
    |Total          | 23|   0|   81|         58|
    +---------------+---+----+-----+-----------+



================================================================
== Interface
================================================================
* Summary: 
+--------------------+-----+-----+------------+---------------+--------------+
|      RTL Ports     | Dir | Bits|  Protocol  | Source Object |    C Type    |
+--------------------+-----+-----+------------+---------------+--------------+
|ap_clk              |  in |    1| ap_ctrl_hs | window_fn_top | return value |
|ap_rst              |  in |    1| ap_ctrl_hs | window_fn_top | return value |
|ap_start            |  in |    1| ap_ctrl_hs | window_fn_top | return value |
|ap_done             | out |    1| ap_ctrl_hs | window_fn_top | return value |
|ap_idle             | out |    1| ap_ctrl_hs | window_fn_top | return value |
|ap_ready            | out |    1| ap_ctrl_hs | window_fn_top | return value |
|outdata_V_address0  | out |    5|  ap_memory |   outdata_V   |     array    |
|outdata_V_ce0       | out |    1|  ap_memory |   outdata_V   |     array    |
|outdata_V_we0       | out |    1|  ap_memory |   outdata_V   |     array    |
|outdata_V_d0        | out |   24|  ap_memory |   outdata_V   |     array    |
|indata_V_address0   | out |    5|  ap_memory |    indata_V   |     array    |
|indata_V_ce0        | out |    1|  ap_memory |    indata_V   |     array    |
|indata_V_q0         |  in |    8|  ap_memory |    indata_V   |     array    |
+--------------------+-----+-----+------------+---------------+--------------+

