04:03:44 **** Incremental Build of configuration Debug for project nolast_sw ****
make all 
Building file: ../src/helloworld.c
Invoking: ARM gcc compiler
arm-xilinx-eabi-gcc -Wall -O0 -g3 -c -fmessage-length=0 -MT"src/helloworld.o" -I../../no_last_standalone_bsp/ps7_cortexa9_0/include -MMD -MP -MF"src/helloworld.d" -MT"src/helloworld.d" -o "src/helloworld.o" "../src/helloworld.c"
../src/helloworld.c:7:0: warning: "MEM_BASE_ADDR" redefined
 #define  MEM_BASE_ADDR 0x01000000   // See TRM -7000
 ^
In file included from ../src/helloworld.c:3:0:
../src/dma_simple_mode.h:136:0: note: this is the location of the previous definition
 #define  MEM_BASE_ADDR (DDR_BASE_ADDR + 0x1000000)
 ^
../src/helloworld.c:9:0: warning: "RX_BUFFER_BASE" redefined
 #define  RX_BUFFER_BASE 0x01300000   // Receive data
 ^
In file included from ../src/helloworld.c:3:0:
../src/dma_simple_mode.h:139:0: note: this is the location of the previous definition
 #define  RX_BUFFER_BASE (MEM_BASE_ADDR + 0x00300000)  // Buffer to store data after receiving in S2MM channel
 ^
../src/helloworld.c: In function 'main':
../src/helloworld.c:122:35: error: expected expression before 'uint32_t'
  xil_printf("Status: 0x%8x \r\n", uint32_t(Status));
                                   ^
make: *** [src/helloworld.o] Error 1
04:04:09 **** Auto Build of configuration Debug for project nolast_sw ****
make all 
Building file: ../src/helloworld.c
Invoking: ARM gcc compiler
arm-xilinx-eabi-gcc -Wall -O0 -g3 -c -fmessage-length=0 -MT"src/helloworld.o" -I../../no_last_standalone_bsp/ps7_cortexa9_0/include -MMD -MP -MF"src/helloworld.d" -MT"src/helloworld.d" -o "src/helloworld.o" "../src/helloworld.c"
../src/helloworld.c:7:0: warning: "MEM_BASE_ADDR" redefined
 #define  MEM_BASE_ADDR 0x01000000   // See TRM -7000
 ^
In file included from ../src/helloworld.c:3:0:
../src/dma_simple_mode.h:136:0: note: this is the location of the previous definition
 #define  MEM_BASE_ADDR (DDR_BASE_ADDR + 0x1000000)
 ^
../src/helloworld.c:9:0: warning: "RX_BUFFER_BASE" redefined
 #define  RX_BUFFER_BASE 0x01300000   // Receive data
 ^
In file included from ../src/helloworld.c:3:0:
../src/dma_simple_mode.h:139:0: note: this is the location of the previous definition
 #define  RX_BUFFER_BASE (MEM_BASE_ADDR + 0x00300000)  // Buffer to store data after receiving in S2MM channel
 ^
Finished building: ../src/helloworld.c
 
Building target: nolast_sw.elf
Invoking: ARM gcc linker
arm-xilinx-eabi-gcc -Wl,-T -Wl,../src/lscript.ld -L../../no_last_standalone_bsp/ps7_cortexa9_0/lib -o "nolast_sw.elf"  ./src/dma_simple_mode.o ./src/helloworld.o ./src/io_reg.o ./src/platform.o ./src/union_t.o   -Wl,--start-group,-lxil,-lgcc,-lc,--end-group
Finished building target: nolast_sw.elf
 
Invoking: ARM Print Size
arm-xilinx-eabi-size nolast_sw.elf  |tee "nolast_sw.elf.size"
   text	   data	    bss	    dec	    hex	filename
  34996	   1216	  22596	  58808	   e5b8	nolast_sw.elf
Finished building: nolast_sw.elf.size
 
04:04:13 **** Incremental Build of configuration Debug for project nolast_sw ****
make all 
make: Nothing to be done for `all'.
04:04:32 **** Auto Build of configuration Debug for project nolast_sw ****
make all 
Building file: ../src/helloworld.c
Invoking: ARM gcc compiler
arm-xilinx-eabi-gcc -Wall -O0 -g3 -c -fmessage-length=0 -MT"src/helloworld.o" -I../../no_last_standalone_bsp/ps7_cortexa9_0/include -MMD -MP -MF"src/helloworld.d" -MT"src/helloworld.d" -o "src/helloworld.o" "../src/helloworld.c"
../src/helloworld.c:7:0: warning: "MEM_BASE_ADDR" redefined
 #define  MEM_BASE_ADDR 0x01000000   // See TRM -7000
 ^
In file included from ../src/helloworld.c:3:0:
../src/dma_simple_mode.h:136:0: note: this is the location of the previous definition
 #define  MEM_BASE_ADDR (DDR_BASE_ADDR + 0x1000000)
 ^
../src/helloworld.c:9:0: warning: "RX_BUFFER_BASE" redefined
 #define  RX_BUFFER_BASE 0x01300000   // Receive data
 ^
In file included from ../src/helloworld.c:3:0:
../src/dma_simple_mode.h:139:0: note: this is the location of the previous definition
 #define  RX_BUFFER_BASE (MEM_BASE_ADDR + 0x00300000)  // Buffer to store data after receiving in S2MM channel
 ^
Finished building: ../src/helloworld.c
 
Building target: nolast_sw.elf
Invoking: ARM gcc linker
arm-xilinx-eabi-gcc -Wl,-T -Wl,../src/lscript.ld -L../../no_last_standalone_bsp/ps7_cortexa9_0/lib -o "nolast_sw.elf"  ./src/dma_simple_mode.o ./src/helloworld.o ./src/io_reg.o ./src/platform.o ./src/union_t.o   -Wl,--start-group,-lxil,-lgcc,-lc,--end-group
Finished building target: nolast_sw.elf
 
Invoking: ARM Print Size
arm-xilinx-eabi-size nolast_sw.elf  |tee "nolast_sw.elf.size"
   text	   data	    bss	    dec	    hex	filename
  34992	   1216	  22596	  58804	   e5b4	nolast_sw.elf
Finished building: nolast_sw.elf.size
 
04:04:49 **** Incremental Build of configuration Debug for project nolast_sw ****
make all 
make: Nothing to be done for `all'.
04:06:05 **** Auto Build of configuration Debug for project nolast_sw ****
make all 
Building file: ../src/helloworld.c
Invoking: ARM gcc compiler
arm-xilinx-eabi-gcc -Wall -O0 -g3 -c -fmessage-length=0 -MT"src/helloworld.o" -I../../no_last_standalone_bsp/ps7_cortexa9_0/include -MMD -MP -MF"src/helloworld.d" -MT"src/helloworld.d" -o "src/helloworld.o" "../src/helloworld.c"
../src/helloworld.c:7:0: warning: "MEM_BASE_ADDR" redefined
 #define  MEM_BASE_ADDR 0x01000000   // See TRM -7000
 ^
In file included from ../src/helloworld.c:3:0:
../src/dma_simple_mode.h:136:0: note: this is the location of the previous definition
 #define  MEM_BASE_ADDR (DDR_BASE_ADDR + 0x1000000)
 ^
../src/helloworld.c:9:0: warning: "RX_BUFFER_BASE" redefined
 #define  RX_BUFFER_BASE 0x01300000   // Receive data
 ^
In file included from ../src/helloworld.c:3:0:
../src/dma_simple_mode.h:139:0: note: this is the location of the previous definition
 #define  RX_BUFFER_BASE (MEM_BASE_ADDR + 0x00300000)  // Buffer to store data after receiving in S2MM channel
 ^
Finished building: ../src/helloworld.c
 
Building target: nolast_sw.elf
Invoking: ARM gcc linker
arm-xilinx-eabi-gcc -Wl,-T -Wl,../src/lscript.ld -L../../no_last_standalone_bsp/ps7_cortexa9_0/lib -o "nolast_sw.elf"  ./src/dma_simple_mode.o ./src/helloworld.o ./src/io_reg.o ./src/platform.o ./src/union_t.o   -Wl,--start-group,-lxil,-lgcc,-lc,--end-group
Finished building target: nolast_sw.elf
 
Invoking: ARM Print Size
arm-xilinx-eabi-size nolast_sw.elf  |tee "nolast_sw.elf.size"
   text	   data	    bss	    dec	    hex	filename
  35000	   1216	  22596	  58812	   e5bc	nolast_sw.elf
Finished building: nolast_sw.elf.size
 
04:08:06 **** Auto Build of configuration Debug for project nolast_sw ****
make all 
Building file: ../src/helloworld.c
Invoking: ARM gcc compiler
arm-xilinx-eabi-gcc -Wall -O0 -g3 -c -fmessage-length=0 -MT"src/helloworld.o" -I../../no_last_standalone_bsp/ps7_cortexa9_0/include -MMD -MP -MF"src/helloworld.d" -MT"src/helloworld.d" -o "src/helloworld.o" "../src/helloworld.c"
../src/helloworld.c:7:0: warning: "MEM_BASE_ADDR" redefined
 #define  MEM_BASE_ADDR 0x01000000   // See TRM -7000
 ^
In file included from ../src/helloworld.c:3:0:
../src/dma_simple_mode.h:136:0: note: this is the location of the previous definition
 #define  MEM_BASE_ADDR (DDR_BASE_ADDR + 0x1000000)
 ^
../src/helloworld.c:9:0: warning: "RX_BUFFER_BASE" redefined
 #define  RX_BUFFER_BASE 0x01300000   // Receive data
 ^
In file included from ../src/helloworld.c:3:0:
../src/dma_simple_mode.h:139:0: note: this is the location of the previous definition
 #define  RX_BUFFER_BASE (MEM_BASE_ADDR + 0x00300000)  // Buffer to store data after receiving in S2MM channel
 ^
Finished building: ../src/helloworld.c
 
Building target: nolast_sw.elf
Invoking: ARM gcc linker
arm-xilinx-eabi-gcc -Wl,-T -Wl,../src/lscript.ld -L../../no_last_standalone_bsp/ps7_cortexa9_0/lib -o "nolast_sw.elf"  ./src/dma_simple_mode.o ./src/helloworld.o ./src/io_reg.o ./src/platform.o ./src/union_t.o   -Wl,--start-group,-lxil,-lgcc,-lc,--end-group
Finished building target: nolast_sw.elf
 
Invoking: ARM Print Size
arm-xilinx-eabi-size nolast_sw.elf  |tee "nolast_sw.elf.size"
   text	   data	    bss	    dec	    hex	filename
  34984	   1216	  22596	  58796	   e5ac	nolast_sw.elf
Finished building: nolast_sw.elf.size
 
04:08:09 **** Incremental Build of configuration Debug for project nolast_sw ****
make all 
make: Nothing to be done for `all'.
04:09:20 **** Auto Build of configuration Debug for project nolast_sw ****
make all 
Building file: ../src/helloworld.c
Invoking: ARM gcc compiler
arm-xilinx-eabi-gcc -Wall -O0 -g3 -c -fmessage-length=0 -MT"src/helloworld.o" -I../../no_last_standalone_bsp/ps7_cortexa9_0/include -MMD -MP -MF"src/helloworld.d" -MT"src/helloworld.d" -o "src/helloworld.o" "../src/helloworld.c"
../src/helloworld.c:7:0: warning: "MEM_BASE_ADDR" redefined
 #define  MEM_BASE_ADDR 0x01000000   // See TRM -7000
 ^
In file included from ../src/helloworld.c:3:0:
../src/dma_simple_mode.h:136:0: note: this is the location of the previous definition
 #define  MEM_BASE_ADDR (DDR_BASE_ADDR + 0x1000000)
 ^
../src/helloworld.c:9:0: warning: "RX_BUFFER_BASE" redefined
 #define  RX_BUFFER_BASE 0x01300000   // Receive data
 ^
In file included from ../src/helloworld.c:3:0:
../src/dma_simple_mode.h:139:0: note: this is the location of the previous definition
 #define  RX_BUFFER_BASE (MEM_BASE_ADDR + 0x00300000)  // Buffer to store data after receiving in S2MM channel
 ^
Finished building: ../src/helloworld.c
 
Building target: nolast_sw.elf
Invoking: ARM gcc linker
arm-xilinx-eabi-gcc -Wl,-T -Wl,../src/lscript.ld -L../../no_last_standalone_bsp/ps7_cortexa9_0/lib -o "nolast_sw.elf"  ./src/dma_simple_mode.o ./src/helloworld.o ./src/io_reg.o ./src/platform.o ./src/union_t.o   -Wl,--start-group,-lxil,-lgcc,-lc,--end-group
Finished building target: nolast_sw.elf
 
Invoking: ARM Print Size
arm-xilinx-eabi-size nolast_sw.elf  |tee "nolast_sw.elf.size"
   text	   data	    bss	    dec	    hex	filename
  34984	   1216	  22596	  58796	   e5ac	nolast_sw.elf
Finished building: nolast_sw.elf.size
 
04:09:42 **** Auto Build of configuration Debug for project nolast_sw ****
make all 
Building file: ../src/helloworld.c
Invoking: ARM gcc compiler
arm-xilinx-eabi-gcc -Wall -O0 -g3 -c -fmessage-length=0 -MT"src/helloworld.o" -I../../no_last_standalone_bsp/ps7_cortexa9_0/include -MMD -MP -MF"src/helloworld.d" -MT"src/helloworld.d" -o "src/helloworld.o" "../src/helloworld.c"
../src/helloworld.c:7:0: warning: "MEM_BASE_ADDR" redefined
 #define  MEM_BASE_ADDR 0x01000000   // See TRM -7000
 ^
In file included from ../src/helloworld.c:3:0:
../src/dma_simple_mode.h:136:0: note: this is the location of the previous definition
 #define  MEM_BASE_ADDR (DDR_BASE_ADDR + 0x1000000)
 ^
../src/helloworld.c:9:0: warning: "RX_BUFFER_BASE" redefined
 #define  RX_BUFFER_BASE 0x01300000   // Receive data
 ^
In file included from ../src/helloworld.c:3:0:
../src/dma_simple_mode.h:139:0: note: this is the location of the previous definition
 #define  RX_BUFFER_BASE (MEM_BASE_ADDR + 0x00300000)  // Buffer to store data after receiving in S2MM channel
 ^
Finished building: ../src/helloworld.c
 
Building target: nolast_sw.elf
Invoking: ARM gcc linker
arm-xilinx-eabi-gcc -Wl,-T -Wl,../src/lscript.ld -L../../no_last_standalone_bsp/ps7_cortexa9_0/lib -o "nolast_sw.elf"  ./src/dma_simple_mode.o ./src/helloworld.o ./src/io_reg.o ./src/platform.o ./src/union_t.o   -Wl,--start-group,-lxil,-lgcc,-lc,--end-group
Finished building target: nolast_sw.elf
 
Invoking: ARM Print Size
arm-xilinx-eabi-size nolast_sw.elf  |tee "nolast_sw.elf.size"
   text	   data	    bss	    dec	    hex	filename
  34984	   1216	  22596	  58796	   e5ac	nolast_sw.elf
Finished building: nolast_sw.elf.size
 
04:10:27 **** Auto Build of configuration Debug for project nolast_sw ****
make all 
Building file: ../src/helloworld.c
Invoking: ARM gcc compiler
arm-xilinx-eabi-gcc -Wall -O0 -g3 -c -fmessage-length=0 -MT"src/helloworld.o" -I../../no_last_standalone_bsp/ps7_cortexa9_0/include -MMD -MP -MF"src/helloworld.d" -MT"src/helloworld.d" -o "src/helloworld.o" "../src/helloworld.c"
../src/helloworld.c:7:0: warning: "MEM_BASE_ADDR" redefined
 #define  MEM_BASE_ADDR 0x01000000   // See TRM -7000
 ^
In file included from ../src/helloworld.c:3:0:
../src/dma_simple_mode.h:136:0: note: this is the location of the previous definition
 #define  MEM_BASE_ADDR (DDR_BASE_ADDR + 0x1000000)
 ^
../src/helloworld.c:9:0: warning: "RX_BUFFER_BASE" redefined
 #define  RX_BUFFER_BASE 0x01300000   // Receive data
 ^
In file included from ../src/helloworld.c:3:0:
../src/dma_simple_mode.h:139:0: note: this is the location of the previous definition
 #define  RX_BUFFER_BASE (MEM_BASE_ADDR + 0x00300000)  // Buffer to store data after receiving in S2MM channel
 ^
Finished building: ../src/helloworld.c
 
Building target: nolast_sw.elf
Invoking: ARM gcc linker
arm-xilinx-eabi-gcc -Wl,-T -Wl,../src/lscript.ld -L../../no_last_standalone_bsp/ps7_cortexa9_0/lib -o "nolast_sw.elf"  ./src/dma_simple_mode.o ./src/helloworld.o ./src/io_reg.o ./src/platform.o ./src/union_t.o   -Wl,--start-group,-lxil,-lgcc,-lc,--end-group
Finished building target: nolast_sw.elf
 
Invoking: ARM Print Size
arm-xilinx-eabi-size nolast_sw.elf  |tee "nolast_sw.elf.size"
   text	   data	    bss	    dec	    hex	filename
  35048	   1216	  22596	  58860	   e5ec	nolast_sw.elf
Finished building: nolast_sw.elf.size
 
04:10:29 **** Incremental Build of configuration Debug for project nolast_sw ****
make all 
make: Nothing to be done for `all'.
04:11:20 **** Auto Build of configuration Debug for project nolast_sw ****
make all 
Building file: ../src/helloworld.c
Invoking: ARM gcc compiler
arm-xilinx-eabi-gcc -Wall -O0 -g3 -c -fmessage-length=0 -MT"src/helloworld.o" -I../../no_last_standalone_bsp/ps7_cortexa9_0/include -MMD -MP -MF"src/helloworld.d" -MT"src/helloworld.d" -o "src/helloworld.o" "../src/helloworld.c"
../src/helloworld.c:7:0: warning: "MEM_BASE_ADDR" redefined
 #define  MEM_BASE_ADDR 0x01000000   // See TRM -7000
 ^
In file included from ../src/helloworld.c:3:0:
../src/dma_simple_mode.h:136:0: note: this is the location of the previous definition
 #define  MEM_BASE_ADDR (DDR_BASE_ADDR + 0x1000000)
 ^
../src/helloworld.c:9:0: warning: "RX_BUFFER_BASE" redefined
 #define  RX_BUFFER_BASE 0x01300000   // Receive data
 ^
In file included from ../src/helloworld.c:3:0:
../src/dma_simple_mode.h:139:0: note: this is the location of the previous definition
 #define  RX_BUFFER_BASE (MEM_BASE_ADDR + 0x00300000)  // Buffer to store data after receiving in S2MM channel
 ^
Finished building: ../src/helloworld.c
 
Building target: nolast_sw.elf
Invoking: ARM gcc linker
arm-xilinx-eabi-gcc -Wl,-T -Wl,../src/lscript.ld -L../../no_last_standalone_bsp/ps7_cortexa9_0/lib -o "nolast_sw.elf"  ./src/dma_simple_mode.o ./src/helloworld.o ./src/io_reg.o ./src/platform.o ./src/union_t.o   -Wl,--start-group,-lxil,-lgcc,-lc,--end-group
Finished building target: nolast_sw.elf
 
Invoking: ARM Print Size
arm-xilinx-eabi-size nolast_sw.elf  |tee "nolast_sw.elf.size"
   text	   data	    bss	    dec	    hex	filename
  35024	   1216	  22596	  58836	   e5d4	nolast_sw.elf
Finished building: nolast_sw.elf.size
 
04:16:19 **** Auto Build of configuration Debug for project nolast_sw ****
make all 
Building file: ../src/dma_simple_mode.c
Invoking: ARM gcc compiler
arm-xilinx-eabi-gcc -Wall -O0 -g3 -c -fmessage-length=0 -MT"src/dma_simple_mode.o" -I../../no_last_standalone_bsp/ps7_cortexa9_0/include -MMD -MP -MF"src/dma_simple_mode.d" -MT"src/dma_simple_mode.d" -o "src/dma_simple_mode.o" "../src/dma_simple_mode.c"
Finished building: ../src/dma_simple_mode.c
 
Building file: ../src/helloworld.c
Invoking: ARM gcc compiler
arm-xilinx-eabi-gcc -Wall -O0 -g3 -c -fmessage-length=0 -MT"src/helloworld.o" -I../../no_last_standalone_bsp/ps7_cortexa9_0/include -MMD -MP -MF"src/helloworld.d" -MT"src/helloworld.d" -o "src/helloworld.o" "../src/helloworld.c"
../src/helloworld.c:7:0: warning: "MEM_BASE_ADDR" redefined
 #define  MEM_BASE_ADDR 0x01000000   // See TRM -7000
 ^
In file included from ../src/helloworld.c:3:0:
../src/dma_simple_mode.h:136:0: note: this is the location of the previous definition
 #define  MEM_BASE_ADDR (DDR_BASE_ADDR + 0x1000000)
 ^
../src/helloworld.c:9:0: warning: "RX_BUFFER_BASE" redefined
 #define  RX_BUFFER_BASE 0x01300000   // Receive data
 ^
In file included from ../src/helloworld.c:3:0:
../src/dma_simple_mode.h:139:0: note: this is the location of the previous definition
 #define  RX_BUFFER_BASE (MEM_BASE_ADDR + 0x00300000)  // Buffer to store data after receiving in S2MM channel
 ^
Finished building: ../src/helloworld.c
 
Building target: nolast_sw.elf
Invoking: ARM gcc linker
arm-xilinx-eabi-gcc -Wl,-T -Wl,../src/lscript.ld -L../../no_last_standalone_bsp/ps7_cortexa9_0/lib -o "nolast_sw.elf"  ./src/dma_simple_mode.o ./src/helloworld.o ./src/io_reg.o ./src/platform.o ./src/union_t.o   -Wl,--start-group,-lxil,-lgcc,-lc,--end-group
Finished building target: nolast_sw.elf
 
Invoking: ARM Print Size
arm-xilinx-eabi-size nolast_sw.elf  |tee "nolast_sw.elf.size"
   text	   data	    bss	    dec	    hex	filename
  35024	   1216	  22596	  58836	   e5d4	nolast_sw.elf
Finished building: nolast_sw.elf.size
 
04:17:02 **** Auto Build of configuration Debug for project nolast_sw ****
make all 
Building file: ../src/helloworld.c
Invoking: ARM gcc compiler
arm-xilinx-eabi-gcc -Wall -O0 -g3 -c -fmessage-length=0 -MT"src/helloworld.o" -I../../no_last_standalone_bsp/ps7_cortexa9_0/include -MMD -MP -MF"src/helloworld.d" -MT"src/helloworld.d" -o "src/helloworld.o" "../src/helloworld.c"
../src/helloworld.c:7:0: warning: "MEM_BASE_ADDR" redefined
 #define  MEM_BASE_ADDR 0x01000000   // See TRM -7000
 ^
In file included from ../src/helloworld.c:3:0:
../src/dma_simple_mode.h:136:0: note: this is the location of the previous definition
 #define  MEM_BASE_ADDR (DDR_BASE_ADDR + 0x1000000)
 ^
../src/helloworld.c:9:0: warning: "RX_BUFFER_BASE" redefined
 #define  RX_BUFFER_BASE 0x01300000   // Receive data
 ^
In file included from ../src/helloworld.c:3:0:
../src/dma_simple_mode.h:139:0: note: this is the location of the previous definition
 #define  RX_BUFFER_BASE (MEM_BASE_ADDR + 0x00300000)  // Buffer to store data after receiving in S2MM channel
 ^
Finished building: ../src/helloworld.c
 
Building target: nolast_sw.elf
Invoking: ARM gcc linker
arm-xilinx-eabi-gcc -Wl,-T -Wl,../src/lscript.ld -L../../no_last_standalone_bsp/ps7_cortexa9_0/lib -o "nolast_sw.elf"  ./src/dma_simple_mode.o ./src/helloworld.o ./src/io_reg.o ./src/platform.o ./src/union_t.o   -Wl,--start-group,-lxil,-lgcc,-lc,--end-group
Finished building target: nolast_sw.elf
 
Invoking: ARM Print Size
arm-xilinx-eabi-size nolast_sw.elf  |tee "nolast_sw.elf.size"
   text	   data	    bss	    dec	    hex	filename
  35024	   1216	  22596	  58836	   e5d4	nolast_sw.elf
Finished building: nolast_sw.elf.size
 
04:17:07 **** Auto Build of configuration Debug for project nolast_sw ****
make all 
Building file: ../src/helloworld.c
Invoking: ARM gcc compiler
arm-xilinx-eabi-gcc -Wall -O0 -g3 -c -fmessage-length=0 -MT"src/helloworld.o" -I../../no_last_standalone_bsp/ps7_cortexa9_0/include -MMD -MP -MF"src/helloworld.d" -MT"src/helloworld.d" -o "src/helloworld.o" "../src/helloworld.c"
../src/helloworld.c:7:0: warning: "MEM_BASE_ADDR" redefined
 #define  MEM_BASE_ADDR 0x01000000   // See TRM -7000
 ^
In file included from ../src/helloworld.c:3:0:
../src/dma_simple_mode.h:136:0: note: this is the location of the previous definition
 #define  MEM_BASE_ADDR (DDR_BASE_ADDR + 0x1000000)
 ^
../src/helloworld.c:9:0: warning: "RX_BUFFER_BASE" redefined
 #define  RX_BUFFER_BASE 0x01300000   // Receive data
 ^
In file included from ../src/helloworld.c:3:0:
../src/dma_simple_mode.h:139:0: note: this is the location of the previous definition
 #define  RX_BUFFER_BASE (MEM_BASE_ADDR + 0x00300000)  // Buffer to store data after receiving in S2MM channel
 ^
Finished building: ../src/helloworld.c
 
Building target: nolast_sw.elf
Invoking: ARM gcc linker
arm-xilinx-eabi-gcc -Wl,-T -Wl,../src/lscript.ld -L../../no_last_standalone_bsp/ps7_cortexa9_0/lib -o "nolast_sw.elf"  ./src/dma_simple_mode.o ./src/helloworld.o ./src/io_reg.o ./src/platform.o ./src/union_t.o   -Wl,--start-group,-lxil,-lgcc,-lc,--end-group
Finished building target: nolast_sw.elf
 
Invoking: ARM Print Size
arm-xilinx-eabi-size nolast_sw.elf  |tee "nolast_sw.elf.size"
   text	   data	    bss	    dec	    hex	filename
  35012	   1216	  22596	  58824	   e5c8	nolast_sw.elf
Finished building: nolast_sw.elf.size
 
04:17:16 **** Incremental Build of configuration Debug for project nolast_sw ****
make all 
make: Nothing to be done for `all'.
04:17:50 **** Auto Build of configuration Debug for project nolast_sw ****
make all 
Building file: ../src/helloworld.c
Invoking: ARM gcc compiler
arm-xilinx-eabi-gcc -Wall -O0 -g3 -c -fmessage-length=0 -MT"src/helloworld.o" -I../../no_last_standalone_bsp/ps7_cortexa9_0/include -MMD -MP -MF"src/helloworld.d" -MT"src/helloworld.d" -o "src/helloworld.o" "../src/helloworld.c"
../src/helloworld.c:7:0: warning: "MEM_BASE_ADDR" redefined
 #define  MEM_BASE_ADDR 0x01000000   // See TRM -7000
 ^
In file included from ../src/helloworld.c:3:0:
../src/dma_simple_mode.h:136:0: note: this is the location of the previous definition
 #define  MEM_BASE_ADDR (DDR_BASE_ADDR + 0x1000000)
 ^
../src/helloworld.c:9:0: warning: "RX_BUFFER_BASE" redefined
 #define  RX_BUFFER_BASE 0x01300000   // Receive data
 ^
In file included from ../src/helloworld.c:3:0:
../src/dma_simple_mode.h:139:0: note: this is the location of the previous definition
 #define  RX_BUFFER_BASE (MEM_BASE_ADDR + 0x00300000)  // Buffer to store data after receiving in S2MM channel
 ^
Finished building: ../src/helloworld.c
 
Building target: nolast_sw.elf
Invoking: ARM gcc linker
arm-xilinx-eabi-gcc -Wl,-T -Wl,../src/lscript.ld -L../../no_last_standalone_bsp/ps7_cortexa9_0/lib -o "nolast_sw.elf"  ./src/dma_simple_mode.o ./src/helloworld.o ./src/io_reg.o ./src/platform.o ./src/union_t.o   -Wl,--start-group,-lxil,-lgcc,-lc,--end-group
Finished building target: nolast_sw.elf
 
Invoking: ARM Print Size
arm-xilinx-eabi-size nolast_sw.elf  |tee "nolast_sw.elf.size"
   text	   data	    bss	    dec	    hex	filename
  35012	   1216	  22596	  58824	   e5c8	nolast_sw.elf
Finished building: nolast_sw.elf.size
 
04:17:53 **** Incremental Build of configuration Debug for project nolast_sw ****
make all 
make: Nothing to be done for `all'.
04:18:25 **** Auto Build of configuration Debug for project nolast_sw ****
make all 
Building file: ../src/helloworld.c
Invoking: ARM gcc compiler
arm-xilinx-eabi-gcc -Wall -O0 -g3 -c -fmessage-length=0 -MT"src/helloworld.o" -I../../no_last_standalone_bsp/ps7_cortexa9_0/include -MMD -MP -MF"src/helloworld.d" -MT"src/helloworld.d" -o "src/helloworld.o" "../src/helloworld.c"
../src/helloworld.c:7:0: warning: "MEM_BASE_ADDR" redefined
 #define  MEM_BASE_ADDR 0x01000000   // See TRM -7000
 ^
In file included from ../src/helloworld.c:3:0:
../src/dma_simple_mode.h:136:0: note: this is the location of the previous definition
 #define  MEM_BASE_ADDR (DDR_BASE_ADDR + 0x1000000)
 ^
../src/helloworld.c:9:0: warning: "RX_BUFFER_BASE" redefined
 #define  RX_BUFFER_BASE 0x01300000   // Receive data
 ^
In file included from ../src/helloworld.c:3:0:
../src/dma_simple_mode.h:139:0: note: this is the location of the previous definition
 #define  RX_BUFFER_BASE (MEM_BASE_ADDR + 0x00300000)  // Buffer to store data after receiving in S2MM channel
 ^
Finished building: ../src/helloworld.c
 
Building target: nolast_sw.elf
Invoking: ARM gcc linker
arm-xilinx-eabi-gcc -Wl,-T -Wl,../src/lscript.ld -L../../no_last_standalone_bsp/ps7_cortexa9_0/lib -o "nolast_sw.elf"  ./src/dma_simple_mode.o ./src/helloworld.o ./src/io_reg.o ./src/platform.o ./src/union_t.o   -Wl,--start-group,-lxil,-lgcc,-lc,--end-group
Finished building target: nolast_sw.elf
 
Invoking: ARM Print Size
arm-xilinx-eabi-size nolast_sw.elf  |tee "nolast_sw.elf.size"
   text	   data	    bss	    dec	    hex	filename
  34996	   1216	  22596	  58808	   e5b8	nolast_sw.elf
Finished building: nolast_sw.elf.size
 
04:18:52 **** Auto Build of configuration Debug for project nolast_sw ****
make all 
Building file: ../src/helloworld.c
Invoking: ARM gcc compiler
arm-xilinx-eabi-gcc -Wall -O0 -g3 -c -fmessage-length=0 -MT"src/helloworld.o" -I../../no_last_standalone_bsp/ps7_cortexa9_0/include -MMD -MP -MF"src/helloworld.d" -MT"src/helloworld.d" -o "src/helloworld.o" "../src/helloworld.c"
../src/helloworld.c:7:0: warning: "MEM_BASE_ADDR" redefined
 #define  MEM_BASE_ADDR 0x01000000   // See TRM -7000
 ^
In file included from ../src/helloworld.c:3:0:
../src/dma_simple_mode.h:136:0: note: this is the location of the previous definition
 #define  MEM_BASE_ADDR (DDR_BASE_ADDR + 0x1000000)
 ^
../src/helloworld.c:9:0: warning: "RX_BUFFER_BASE" redefined
 #define  RX_BUFFER_BASE 0x01300000   // Receive data
 ^
In file included from ../src/helloworld.c:3:0:
../src/dma_simple_mode.h:139:0: note: this is the location of the previous definition
 #define  RX_BUFFER_BASE (MEM_BASE_ADDR + 0x00300000)  // Buffer to store data after receiving in S2MM channel
 ^
Finished building: ../src/helloworld.c
 
Building target: nolast_sw.elf
Invoking: ARM gcc linker
arm-xilinx-eabi-gcc -Wl,-T -Wl,../src/lscript.ld -L../../no_last_standalone_bsp/ps7_cortexa9_0/lib -o "nolast_sw.elf"  ./src/dma_simple_mode.o ./src/helloworld.o ./src/io_reg.o ./src/platform.o ./src/union_t.o   -Wl,--start-group,-lxil,-lgcc,-lc,--end-group
Finished building target: nolast_sw.elf
 
Invoking: ARM Print Size
arm-xilinx-eabi-size nolast_sw.elf  |tee "nolast_sw.elf.size"
   text	   data	    bss	    dec	    hex	filename
  34932	   1216	  22596	  58744	   e578	nolast_sw.elf
Finished building: nolast_sw.elf.size
 
04:19:22 **** Auto Build of configuration Debug for project nolast_sw ****
make all 
Building file: ../src/helloworld.c
Invoking: ARM gcc compiler
arm-xilinx-eabi-gcc -Wall -O0 -g3 -c -fmessage-length=0 -MT"src/helloworld.o" -I../../no_last_standalone_bsp/ps7_cortexa9_0/include -MMD -MP -MF"src/helloworld.d" -MT"src/helloworld.d" -o "src/helloworld.o" "../src/helloworld.c"
../src/helloworld.c:7:0: warning: "MEM_BASE_ADDR" redefined
 #define  MEM_BASE_ADDR 0x01000000   // See TRM -7000
 ^
In file included from ../src/helloworld.c:3:0:
../src/dma_simple_mode.h:136:0: note: this is the location of the previous definition
 #define  MEM_BASE_ADDR (DDR_BASE_ADDR + 0x1000000)
 ^
../src/helloworld.c:9:0: warning: "RX_BUFFER_BASE" redefined
 #define  RX_BUFFER_BASE 0x01300000   // Receive data
 ^
In file included from ../src/helloworld.c:3:0:
../src/dma_simple_mode.h:139:0: note: this is the location of the previous definition
 #define  RX_BUFFER_BASE (MEM_BASE_ADDR + 0x00300000)  // Buffer to store data after receiving in S2MM channel
 ^
Finished building: ../src/helloworld.c
 
Building target: nolast_sw.elf
Invoking: ARM gcc linker
arm-xilinx-eabi-gcc -Wl,-T -Wl,../src/lscript.ld -L../../no_last_standalone_bsp/ps7_cortexa9_0/lib -o "nolast_sw.elf"  ./src/dma_simple_mode.o ./src/helloworld.o ./src/io_reg.o ./src/platform.o ./src/union_t.o   -Wl,--start-group,-lxil,-lgcc,-lc,--end-group
Finished building target: nolast_sw.elf
 
Invoking: ARM Print Size
arm-xilinx-eabi-size nolast_sw.elf  |tee "nolast_sw.elf.size"
   text	   data	    bss	    dec	    hex	filename
  34828	   1216	  22596	  58640	   e510	nolast_sw.elf
Finished building: nolast_sw.elf.size
 
04:19:48 **** Auto Build of configuration Debug for project nolast_sw ****
make all 
Building file: ../src/helloworld.c
Invoking: ARM gcc compiler
arm-xilinx-eabi-gcc -Wall -O0 -g3 -c -fmessage-length=0 -MT"src/helloworld.o" -I../../no_last_standalone_bsp/ps7_cortexa9_0/include -MMD -MP -MF"src/helloworld.d" -MT"src/helloworld.d" -o "src/helloworld.o" "../src/helloworld.c"
../src/helloworld.c:7:0: warning: "MEM_BASE_ADDR" redefined
 #define  MEM_BASE_ADDR 0x01000000   // See TRM -7000
 ^
In file included from ../src/helloworld.c:3:0:
../src/dma_simple_mode.h:136:0: note: this is the location of the previous definition
 #define  MEM_BASE_ADDR (DDR_BASE_ADDR + 0x1000000)
 ^
../src/helloworld.c:9:0: warning: "RX_BUFFER_BASE" redefined
 #define  RX_BUFFER_BASE 0x01300000   // Receive data
 ^
In file included from ../src/helloworld.c:3:0:
../src/dma_simple_mode.h:139:0: note: this is the location of the previous definition
 #define  RX_BUFFER_BASE (MEM_BASE_ADDR + 0x00300000)  // Buffer to store data after receiving in S2MM channel
 ^
Finished building: ../src/helloworld.c
 
Building target: nolast_sw.elf
Invoking: ARM gcc linker
arm-xilinx-eabi-gcc -Wl,-T -Wl,../src/lscript.ld -L../../no_last_standalone_bsp/ps7_cortexa9_0/lib -o "nolast_sw.elf"  ./src/dma_simple_mode.o ./src/helloworld.o ./src/io_reg.o ./src/platform.o ./src/union_t.o   -Wl,--start-group,-lxil,-lgcc,-lc,--end-group
Finished building target: nolast_sw.elf
 
Invoking: ARM Print Size
arm-xilinx-eabi-size nolast_sw.elf  |tee "nolast_sw.elf.size"
   text	   data	    bss	    dec	    hex	filename
  34804	   1216	  22596	  58616	   e4f8	nolast_sw.elf
Finished building: nolast_sw.elf.size
 
04:19:55 **** Incremental Build of configuration Debug for project nolast_sw ****
make all 
make: Nothing to be done for `all'.
04:20:28 **** Auto Build of configuration Debug for project nolast_sw ****
make all 
Building file: ../src/helloworld.c
Invoking: ARM gcc compiler
arm-xilinx-eabi-gcc -Wall -O0 -g3 -c -fmessage-length=0 -MT"src/helloworld.o" -I../../no_last_standalone_bsp/ps7_cortexa9_0/include -MMD -MP -MF"src/helloworld.d" -MT"src/helloworld.d" -o "src/helloworld.o" "../src/helloworld.c"
../src/helloworld.c:7:0: warning: "MEM_BASE_ADDR" redefined
 #define  MEM_BASE_ADDR 0x01000000   // See TRM -7000
 ^
In file included from ../src/helloworld.c:3:0:
../src/dma_simple_mode.h:136:0: note: this is the location of the previous definition
 #define  MEM_BASE_ADDR (DDR_BASE_ADDR + 0x1000000)
 ^
../src/helloworld.c:9:0: warning: "RX_BUFFER_BASE" redefined
 #define  RX_BUFFER_BASE 0x01300000   // Receive data
 ^
In file included from ../src/helloworld.c:3:0:
../src/dma_simple_mode.h:139:0: note: this is the location of the previous definition
 #define  RX_BUFFER_BASE (MEM_BASE_ADDR + 0x00300000)  // Buffer to store data after receiving in S2MM channel
 ^
Finished building: ../src/helloworld.c
 
Building target: nolast_sw.elf
Invoking: ARM gcc linker
arm-xilinx-eabi-gcc -Wl,-T -Wl,../src/lscript.ld -L../../no_last_standalone_bsp/ps7_cortexa9_0/lib -o "nolast_sw.elf"  ./src/dma_simple_mode.o ./src/helloworld.o ./src/io_reg.o ./src/platform.o ./src/union_t.o   -Wl,--start-group,-lxil,-lgcc,-lc,--end-group
Finished building target: nolast_sw.elf
 
Invoking: ARM Print Size
arm-xilinx-eabi-size nolast_sw.elf  |tee "nolast_sw.elf.size"
   text	   data	    bss	    dec	    hex	filename
  34804	   1216	  22596	  58616	   e4f8	nolast_sw.elf
Finished building: nolast_sw.elf.size
 
04:20:31 **** Incremental Build of configuration Debug for project nolast_sw ****
make all 
make: Nothing to be done for `all'.
04:20:51 **** Incremental Build of configuration Debug for project nolast_sw ****
make all 
make: Nothing to be done for `all'.
04:21:06 **** Auto Build of configuration Debug for project nolast_sw ****
make all 
Building file: ../src/helloworld.c
Invoking: ARM gcc compiler
arm-xilinx-eabi-gcc -Wall -O0 -g3 -c -fmessage-length=0 -MT"src/helloworld.o" -I../../no_last_standalone_bsp/ps7_cortexa9_0/include -MMD -MP -MF"src/helloworld.d" -MT"src/helloworld.d" -o "src/helloworld.o" "../src/helloworld.c"
../src/helloworld.c:7:0: warning: "MEM_BASE_ADDR" redefined
 #define  MEM_BASE_ADDR 0x01000000   // See TRM -7000
 ^
In file included from ../src/helloworld.c:3:0:
../src/dma_simple_mode.h:136:0: note: this is the location of the previous definition
 #define  MEM_BASE_ADDR (DDR_BASE_ADDR + 0x1000000)
 ^
../src/helloworld.c:9:0: warning: "RX_BUFFER_BASE" redefined
 #define  RX_BUFFER_BASE 0x01300000   // Receive data
 ^
In file included from ../src/helloworld.c:3:0:
../src/dma_simple_mode.h:139:0: note: this is the location of the previous definition
 #define  RX_BUFFER_BASE (MEM_BASE_ADDR + 0x00300000)  // Buffer to store data after receiving in S2MM channel
 ^
Finished building: ../src/helloworld.c
 
Building target: nolast_sw.elf
Invoking: ARM gcc linker
arm-xilinx-eabi-gcc -Wl,-T -Wl,../src/lscript.ld -L../../no_last_standalone_bsp/ps7_cortexa9_0/lib -o "nolast_sw.elf"  ./src/dma_simple_mode.o ./src/helloworld.o ./src/io_reg.o ./src/platform.o ./src/union_t.o   -Wl,--start-group,-lxil,-lgcc,-lc,--end-group
Finished building target: nolast_sw.elf
 
Invoking: ARM Print Size
arm-xilinx-eabi-size nolast_sw.elf  |tee "nolast_sw.elf.size"
   text	   data	    bss	    dec	    hex	filename
  34804	   1216	  22596	  58616	   e4f8	nolast_sw.elf
Finished building: nolast_sw.elf.size
 
04:21:09 **** Auto Build of configuration Debug for project nolast_sw ****
make all 
Building file: ../src/helloworld.c
Invoking: ARM gcc compiler
arm-xilinx-eabi-gcc -Wall -O0 -g3 -c -fmessage-length=0 -MT"src/helloworld.o" -I../../no_last_standalone_bsp/ps7_cortexa9_0/include -MMD -MP -MF"src/helloworld.d" -MT"src/helloworld.d" -o "src/helloworld.o" "../src/helloworld.c"
../src/helloworld.c:7:0: warning: "MEM_BASE_ADDR" redefined
 #define  MEM_BASE_ADDR 0x01000000   // See TRM -7000
 ^
In file included from ../src/helloworld.c:3:0:
../src/dma_simple_mode.h:136:0: note: this is the location of the previous definition
 #define  MEM_BASE_ADDR (DDR_BASE_ADDR + 0x1000000)
 ^
../src/helloworld.c:9:0: warning: "RX_BUFFER_BASE" redefined
 #define  RX_BUFFER_BASE 0x01300000   // Receive data
 ^
In file included from ../src/helloworld.c:3:0:
../src/dma_simple_mode.h:139:0: note: this is the location of the previous definition
 #define  RX_BUFFER_BASE (MEM_BASE_ADDR + 0x00300000)  // Buffer to store data after receiving in S2MM channel
 ^
Finished building: ../src/helloworld.c
 
Building target: nolast_sw.elf
Invoking: ARM gcc linker
arm-xilinx-eabi-gcc -Wl,-T -Wl,../src/lscript.ld -L../../no_last_standalone_bsp/ps7_cortexa9_0/lib -o "nolast_sw.elf"  ./src/dma_simple_mode.o ./src/helloworld.o ./src/io_reg.o ./src/platform.o ./src/union_t.o   -Wl,--start-group,-lxil,-lgcc,-lc,--end-group
Finished building target: nolast_sw.elf
 
Invoking: ARM Print Size
arm-xilinx-eabi-size nolast_sw.elf  |tee "nolast_sw.elf.size"
   text	   data	    bss	    dec	    hex	filename
  34804	   1216	  22596	  58616	   e4f8	nolast_sw.elf
Finished building: nolast_sw.elf.size
 
04:22:06 **** Auto Build of configuration Debug for project nolast_sw ****
make all 
Building file: ../src/helloworld.c
Invoking: ARM gcc compiler
arm-xilinx-eabi-gcc -Wall -O0 -g3 -c -fmessage-length=0 -MT"src/helloworld.o" -I../../no_last_standalone_bsp/ps7_cortexa9_0/include -MMD -MP -MF"src/helloworld.d" -MT"src/helloworld.d" -o "src/helloworld.o" "../src/helloworld.c"
../src/helloworld.c:7:0: warning: "MEM_BASE_ADDR" redefined
 #define  MEM_BASE_ADDR 0x01000000   // See TRM -7000
 ^
In file included from ../src/helloworld.c:3:0:
../src/dma_simple_mode.h:136:0: note: this is the location of the previous definition
 #define  MEM_BASE_ADDR (DDR_BASE_ADDR + 0x1000000)
 ^
../src/helloworld.c:9:0: warning: "RX_BUFFER_BASE" redefined
 #define  RX_BUFFER_BASE 0x01300000   // Receive data
 ^
In file included from ../src/helloworld.c:3:0:
../src/dma_simple_mode.h:139:0: note: this is the location of the previous definition
 #define  RX_BUFFER_BASE (MEM_BASE_ADDR + 0x00300000)  // Buffer to store data after receiving in S2MM channel
 ^
Finished building: ../src/helloworld.c
 
Building target: nolast_sw.elf
Invoking: ARM gcc linker
arm-xilinx-eabi-gcc -Wl,-T -Wl,../src/lscript.ld -L../../no_last_standalone_bsp/ps7_cortexa9_0/lib -o "nolast_sw.elf"  ./src/dma_simple_mode.o ./src/helloworld.o ./src/io_reg.o ./src/platform.o ./src/union_t.o   -Wl,--start-group,-lxil,-lgcc,-lc,--end-group
Finished building target: nolast_sw.elf
 
Invoking: ARM Print Size
arm-xilinx-eabi-size nolast_sw.elf  |tee "nolast_sw.elf.size"
   text	   data	    bss	    dec	    hex	filename
  34740	   1216	  22596	  58552	   e4b8	nolast_sw.elf
Finished building: nolast_sw.elf.size
 
04:22:32 **** Auto Build of configuration Debug for project nolast_sw ****
make all 
Building file: ../src/helloworld.c
Invoking: ARM gcc compiler
arm-xilinx-eabi-gcc -Wall -O0 -g3 -c -fmessage-length=0 -MT"src/helloworld.o" -I../../no_last_standalone_bsp/ps7_cortexa9_0/include -MMD -MP -MF"src/helloworld.d" -MT"src/helloworld.d" -o "src/helloworld.o" "../src/helloworld.c"
../src/helloworld.c:7:0: warning: "MEM_BASE_ADDR" redefined
 #define  MEM_BASE_ADDR 0x01000000   // See TRM -7000
 ^
In file included from ../src/helloworld.c:3:0:
../src/dma_simple_mode.h:136:0: note: this is the location of the previous definition
 #define  MEM_BASE_ADDR (DDR_BASE_ADDR + 0x1000000)
 ^
../src/helloworld.c:9:0: warning: "RX_BUFFER_BASE" redefined
 #define  RX_BUFFER_BASE 0x01300000   // Receive data
 ^
In file included from ../src/helloworld.c:3:0:
../src/dma_simple_mode.h:139:0: note: this is the location of the previous definition
 #define  RX_BUFFER_BASE (MEM_BASE_ADDR + 0x00300000)  // Buffer to store data after receiving in S2MM channel
 ^
Finished building: ../src/helloworld.c
 
Building target: nolast_sw.elf
Invoking: ARM gcc linker
arm-xilinx-eabi-gcc -Wl,-T -Wl,../src/lscript.ld -L../../no_last_standalone_bsp/ps7_cortexa9_0/lib -o "nolast_sw.elf"  ./src/dma_simple_mode.o ./src/helloworld.o ./src/io_reg.o ./src/platform.o ./src/union_t.o   -Wl,--start-group,-lxil,-lgcc,-lc,--end-group
Finished building target: nolast_sw.elf
 
Invoking: ARM Print Size
arm-xilinx-eabi-size nolast_sw.elf  |tee "nolast_sw.elf.size"
   text	   data	    bss	    dec	    hex	filename
  34804	   1216	  22596	  58616	   e4f8	nolast_sw.elf
Finished building: nolast_sw.elf.size
 
04:22:36 **** Incremental Build of configuration Debug for project nolast_sw ****
make all 
make: Nothing to be done for `all'.
04:22:56 **** Auto Build of configuration Debug for project nolast_sw ****
make all 
Building file: ../src/helloworld.c
Invoking: ARM gcc compiler
arm-xilinx-eabi-gcc -Wall -O0 -g3 -c -fmessage-length=0 -MT"src/helloworld.o" -I../../no_last_standalone_bsp/ps7_cortexa9_0/include -MMD -MP -MF"src/helloworld.d" -MT"src/helloworld.d" -o "src/helloworld.o" "../src/helloworld.c"
../src/helloworld.c:7:0: warning: "MEM_BASE_ADDR" redefined
 #define  MEM_BASE_ADDR 0x01000000   // See TRM -7000
 ^
In file included from ../src/helloworld.c:3:0:
../src/dma_simple_mode.h:136:0: note: this is the location of the previous definition
 #define  MEM_BASE_ADDR (DDR_BASE_ADDR + 0x1000000)
 ^
../src/helloworld.c:9:0: warning: "RX_BUFFER_BASE" redefined
 #define  RX_BUFFER_BASE 0x01300000   // Receive data
 ^
In file included from ../src/helloworld.c:3:0:
../src/dma_simple_mode.h:139:0: note: this is the location of the previous definition
 #define  RX_BUFFER_BASE (MEM_BASE_ADDR + 0x00300000)  // Buffer to store data after receiving in S2MM channel
 ^
Finished building: ../src/helloworld.c
 
Building target: nolast_sw.elf
Invoking: ARM gcc linker
arm-xilinx-eabi-gcc -Wl,-T -Wl,../src/lscript.ld -L../../no_last_standalone_bsp/ps7_cortexa9_0/lib -o "nolast_sw.elf"  ./src/dma_simple_mode.o ./src/helloworld.o ./src/io_reg.o ./src/platform.o ./src/union_t.o   -Wl,--start-group,-lxil,-lgcc,-lc,--end-group
Finished building target: nolast_sw.elf
 
Invoking: ARM Print Size
arm-xilinx-eabi-size nolast_sw.elf  |tee "nolast_sw.elf.size"
   text	   data	    bss	    dec	    hex	filename
  34804	   1216	  22596	  58616	   e4f8	nolast_sw.elf
Finished building: nolast_sw.elf.size
 
04:22:58 **** Incremental Build of configuration Debug for project nolast_sw ****
make all 
make: Nothing to be done for `all'.
04:23:45 **** Auto Build of configuration Debug for project nolast_sw ****
make all 
Building file: ../src/helloworld.c
Invoking: ARM gcc compiler
arm-xilinx-eabi-gcc -Wall -O0 -g3 -c -fmessage-length=0 -MT"src/helloworld.o" -I../../no_last_standalone_bsp/ps7_cortexa9_0/include -MMD -MP -MF"src/helloworld.d" -MT"src/helloworld.d" -o "src/helloworld.o" "../src/helloworld.c"
../src/helloworld.c:7:0: warning: "MEM_BASE_ADDR" redefined
 #define  MEM_BASE_ADDR 0x01000000   // See TRM -7000
 ^
In file included from ../src/helloworld.c:3:0:
../src/dma_simple_mode.h:136:0: note: this is the location of the previous definition
 #define  MEM_BASE_ADDR (DDR_BASE_ADDR + 0x1000000)
 ^
../src/helloworld.c:9:0: warning: "RX_BUFFER_BASE" redefined
 #define  RX_BUFFER_BASE 0x01300000   // Receive data
 ^
In file included from ../src/helloworld.c:3:0:
../src/dma_simple_mode.h:139:0: note: this is the location of the previous definition
 #define  RX_BUFFER_BASE (MEM_BASE_ADDR + 0x00300000)  // Buffer to store data after receiving in S2MM channel
 ^
Finished building: ../src/helloworld.c
 
Building target: nolast_sw.elf
Invoking: ARM gcc linker
arm-xilinx-eabi-gcc -Wl,-T -Wl,../src/lscript.ld -L../../no_last_standalone_bsp/ps7_cortexa9_0/lib -o "nolast_sw.elf"  ./src/dma_simple_mode.o ./src/helloworld.o ./src/io_reg.o ./src/platform.o ./src/union_t.o   -Wl,--start-group,-lxil,-lgcc,-lc,--end-group
Finished building target: nolast_sw.elf
 
Invoking: ARM Print Size
arm-xilinx-eabi-size nolast_sw.elf  |tee "nolast_sw.elf.size"
   text	   data	    bss	    dec	    hex	filename
  34804	   1216	  22596	  58616	   e4f8	nolast_sw.elf
Finished building: nolast_sw.elf.size
 
04:23:49 **** Auto Build of configuration Debug for project nolast_sw ****
make all 
Building file: ../src/helloworld.c
Invoking: ARM gcc compiler
arm-xilinx-eabi-gcc -Wall -O0 -g3 -c -fmessage-length=0 -MT"src/helloworld.o" -I../../no_last_standalone_bsp/ps7_cortexa9_0/include -MMD -MP -MF"src/helloworld.d" -MT"src/helloworld.d" -o "src/helloworld.o" "../src/helloworld.c"
../src/helloworld.c:7:0: warning: "MEM_BASE_ADDR" redefined
 #define  MEM_BASE_ADDR 0x01000000   // See TRM -7000
 ^
In file included from ../src/helloworld.c:3:0:
../src/dma_simple_mode.h:136:0: note: this is the location of the previous definition
 #define  MEM_BASE_ADDR (DDR_BASE_ADDR + 0x1000000)
 ^
../src/helloworld.c:9:0: warning: "RX_BUFFER_BASE" redefined
 #define  RX_BUFFER_BASE 0x01300000   // Receive data
 ^
In file included from ../src/helloworld.c:3:0:
../src/dma_simple_mode.h:139:0: note: this is the location of the previous definition
 #define  RX_BUFFER_BASE (MEM_BASE_ADDR + 0x00300000)  // Buffer to store data after receiving in S2MM channel
 ^
Finished building: ../src/helloworld.c
 
Building target: nolast_sw.elf
Invoking: ARM gcc linker
arm-xilinx-eabi-gcc -Wl,-T -Wl,../src/lscript.ld -L../../no_last_standalone_bsp/ps7_cortexa9_0/lib -o "nolast_sw.elf"  ./src/dma_simple_mode.o ./src/helloworld.o ./src/io_reg.o ./src/platform.o ./src/union_t.o   -Wl,--start-group,-lxil,-lgcc,-lc,--end-group
Finished building target: nolast_sw.elf
 
Invoking: ARM Print Size
arm-xilinx-eabi-size nolast_sw.elf  |tee "nolast_sw.elf.size"
   text	   data	    bss	    dec	    hex	filename
  34804	   1216	  22596	  58616	   e4f8	nolast_sw.elf
Finished building: nolast_sw.elf.size
 
04:26:10 **** Auto Build of configuration Debug for project nolast_sw ****
make all 
Building file: ../src/helloworld.c
Invoking: ARM gcc compiler
arm-xilinx-eabi-gcc -Wall -O0 -g3 -c -fmessage-length=0 -MT"src/helloworld.o" -I../../no_last_standalone_bsp/ps7_cortexa9_0/include -MMD -MP -MF"src/helloworld.d" -MT"src/helloworld.d" -o "src/helloworld.o" "../src/helloworld.c"
../src/helloworld.c:7:0: warning: "MEM_BASE_ADDR" redefined
 #define  MEM_BASE_ADDR 0x01000000   // See TRM -7000
 ^
In file included from ../src/helloworld.c:3:0:
../src/dma_simple_mode.h:136:0: note: this is the location of the previous definition
 #define  MEM_BASE_ADDR (DDR_BASE_ADDR + 0x1000000)
 ^
../src/helloworld.c:9:0: warning: "RX_BUFFER_BASE" redefined
 #define  RX_BUFFER_BASE 0x01300000   // Receive data
 ^
In file included from ../src/helloworld.c:3:0:
../src/dma_simple_mode.h:139:0: note: this is the location of the previous definition
 #define  RX_BUFFER_BASE (MEM_BASE_ADDR + 0x00300000)  // Buffer to store data after receiving in S2MM channel
 ^
Finished building: ../src/helloworld.c
 
Building target: nolast_sw.elf
Invoking: ARM gcc linker
arm-xilinx-eabi-gcc -Wl,-T -Wl,../src/lscript.ld -L../../no_last_standalone_bsp/ps7_cortexa9_0/lib -o "nolast_sw.elf"  ./src/dma_simple_mode.o ./src/helloworld.o ./src/io_reg.o ./src/platform.o ./src/union_t.o   -Wl,--start-group,-lxil,-lgcc,-lc,--end-group
Finished building target: nolast_sw.elf
 
Invoking: ARM Print Size
arm-xilinx-eabi-size nolast_sw.elf  |tee "nolast_sw.elf.size"
   text	   data	    bss	    dec	    hex	filename
  34804	   1216	  22596	  58616	   e4f8	nolast_sw.elf
Finished building: nolast_sw.elf.size
 
04:26:22 **** Auto Build of configuration Debug for project nolast_sw ****
make all 
Building file: ../src/helloworld.c
Invoking: ARM gcc compiler
arm-xilinx-eabi-gcc -Wall -O0 -g3 -c -fmessage-length=0 -MT"src/helloworld.o" -I../../no_last_standalone_bsp/ps7_cortexa9_0/include -MMD -MP -MF"src/helloworld.d" -MT"src/helloworld.d" -o "src/helloworld.o" "../src/helloworld.c"
../src/helloworld.c:7:0: warning: "MEM_BASE_ADDR" redefined
 #define  MEM_BASE_ADDR 0x01000000   // See TRM -7000
 ^
In file included from ../src/helloworld.c:3:0:
../src/dma_simple_mode.h:136:0: note: this is the location of the previous definition
 #define  MEM_BASE_ADDR (DDR_BASE_ADDR + 0x1000000)
 ^
../src/helloworld.c:9:0: warning: "RX_BUFFER_BASE" redefined
 #define  RX_BUFFER_BASE 0x01300000   // Receive data
 ^
In file included from ../src/helloworld.c:3:0:
../src/dma_simple_mode.h:139:0: note: this is the location of the previous definition
 #define  RX_BUFFER_BASE (MEM_BASE_ADDR + 0x00300000)  // Buffer to store data after receiving in S2MM channel
 ^
Finished building: ../src/helloworld.c
 
Building target: nolast_sw.elf
Invoking: ARM gcc linker
arm-xilinx-eabi-gcc -Wl,-T -Wl,../src/lscript.ld -L../../no_last_standalone_bsp/ps7_cortexa9_0/lib -o "nolast_sw.elf"  ./src/dma_simple_mode.o ./src/helloworld.o ./src/io_reg.o ./src/platform.o ./src/union_t.o   -Wl,--start-group,-lxil,-lgcc,-lc,--end-group
Finished building target: nolast_sw.elf
 
Invoking: ARM Print Size
arm-xilinx-eabi-size nolast_sw.elf  |tee "nolast_sw.elf.size"
   text	   data	    bss	    dec	    hex	filename
  34804	   1216	  22596	  58616	   e4f8	nolast_sw.elf
Finished building: nolast_sw.elf.size
 
04:26:28 **** Auto Build of configuration Debug for project nolast_sw ****
make all 
Building file: ../src/helloworld.c
Invoking: ARM gcc compiler
arm-xilinx-eabi-gcc -Wall -O0 -g3 -c -fmessage-length=0 -MT"src/helloworld.o" -I../../no_last_standalone_bsp/ps7_cortexa9_0/include -MMD -MP -MF"src/helloworld.d" -MT"src/helloworld.d" -o "src/helloworld.o" "../src/helloworld.c"
../src/helloworld.c:7:0: warning: "MEM_BASE_ADDR" redefined
 #define  MEM_BASE_ADDR 0x01000000   // See TRM -7000
 ^
In file included from ../src/helloworld.c:3:0:
../src/dma_simple_mode.h:136:0: note: this is the location of the previous definition
 #define  MEM_BASE_ADDR (DDR_BASE_ADDR + 0x1000000)
 ^
../src/helloworld.c:9:0: warning: "RX_BUFFER_BASE" redefined
 #define  RX_BUFFER_BASE 0x01300000   // Receive data
 ^
In file included from ../src/helloworld.c:3:0:
../src/dma_simple_mode.h:139:0: note: this is the location of the previous definition
 #define  RX_BUFFER_BASE (MEM_BASE_ADDR + 0x00300000)  // Buffer to store data after receiving in S2MM channel
 ^
Finished building: ../src/helloworld.c
 
Building target: nolast_sw.elf
Invoking: ARM gcc linker
arm-xilinx-eabi-gcc -Wl,-T -Wl,../src/lscript.ld -L../../no_last_standalone_bsp/ps7_cortexa9_0/lib -o "nolast_sw.elf"  ./src/dma_simple_mode.o ./src/helloworld.o ./src/io_reg.o ./src/platform.o ./src/union_t.o   -Wl,--start-group,-lxil,-lgcc,-lc,--end-group
Finished building target: nolast_sw.elf
 
Invoking: ARM Print Size
arm-xilinx-eabi-size nolast_sw.elf  |tee "nolast_sw.elf.size"
   text	   data	    bss	    dec	    hex	filename
  34804	   1216	  22596	  58616	   e4f8	nolast_sw.elf
Finished building: nolast_sw.elf.size
 
04:26:41 **** Incremental Build of configuration Debug for project nolast_sw ****
make all 
make: Nothing to be done for `all'.
04:27:16 **** Auto Build of configuration Debug for project nolast_sw ****
make all 
Building file: ../src/helloworld.c
Invoking: ARM gcc compiler
arm-xilinx-eabi-gcc -Wall -O0 -g3 -c -fmessage-length=0 -MT"src/helloworld.o" -I../../no_last_standalone_bsp/ps7_cortexa9_0/include -MMD -MP -MF"src/helloworld.d" -MT"src/helloworld.d" -o "src/helloworld.o" "../src/helloworld.c"
../src/helloworld.c:7:0: warning: "MEM_BASE_ADDR" redefined
 #define  MEM_BASE_ADDR 0x01000000   // See TRM -7000
 ^
In file included from ../src/helloworld.c:3:0:
../src/dma_simple_mode.h:136:0: note: this is the location of the previous definition
 #define  MEM_BASE_ADDR (DDR_BASE_ADDR + 0x1000000)
 ^
../src/helloworld.c:9:0: warning: "RX_BUFFER_BASE" redefined
 #define  RX_BUFFER_BASE 0x01300000   // Receive data
 ^
In file included from ../src/helloworld.c:3:0:
../src/dma_simple_mode.h:139:0: note: this is the location of the previous definition
 #define  RX_BUFFER_BASE (MEM_BASE_ADDR + 0x00300000)  // Buffer to store data after receiving in S2MM channel
 ^
Finished building: ../src/helloworld.c
 
Building target: nolast_sw.elf
Invoking: ARM gcc linker
arm-xilinx-eabi-gcc -Wl,-T -Wl,../src/lscript.ld -L../../no_last_standalone_bsp/ps7_cortexa9_0/lib -o "nolast_sw.elf"  ./src/dma_simple_mode.o ./src/helloworld.o ./src/io_reg.o ./src/platform.o ./src/union_t.o   -Wl,--start-group,-lxil,-lgcc,-lc,--end-group
Finished building target: nolast_sw.elf
 
Invoking: ARM Print Size
arm-xilinx-eabi-size nolast_sw.elf  |tee "nolast_sw.elf.size"
   text	   data	    bss	    dec	    hex	filename
  34804	   1216	  22596	  58616	   e4f8	nolast_sw.elf
Finished building: nolast_sw.elf.size
 
04:27:19 **** Incremental Build of configuration Debug for project nolast_sw ****
make all 
make: Nothing to be done for `all'.
04:27:59 **** Auto Build of configuration Debug for project nolast_sw ****
make all 
Building file: ../src/helloworld.c
Invoking: ARM gcc compiler
arm-xilinx-eabi-gcc -Wall -O0 -g3 -c -fmessage-length=0 -MT"src/helloworld.o" -I../../no_last_standalone_bsp/ps7_cortexa9_0/include -MMD -MP -MF"src/helloworld.d" -MT"src/helloworld.d" -o "src/helloworld.o" "../src/helloworld.c"
../src/helloworld.c:7:0: warning: "MEM_BASE_ADDR" redefined
 #define  MEM_BASE_ADDR 0x01000000   // See TRM -7000
 ^
In file included from ../src/helloworld.c:3:0:
../src/dma_simple_mode.h:136:0: note: this is the location of the previous definition
 #define  MEM_BASE_ADDR (DDR_BASE_ADDR + 0x1000000)
 ^
../src/helloworld.c:9:0: warning: "RX_BUFFER_BASE" redefined
 #define  RX_BUFFER_BASE 0x01300000   // Receive data
 ^
In file included from ../src/helloworld.c:3:0:
../src/dma_simple_mode.h:139:0: note: this is the location of the previous definition
 #define  RX_BUFFER_BASE (MEM_BASE_ADDR + 0x00300000)  // Buffer to store data after receiving in S2MM channel
 ^
Finished building: ../src/helloworld.c
 
Building target: nolast_sw.elf
Invoking: ARM gcc linker
arm-xilinx-eabi-gcc -Wl,-T -Wl,../src/lscript.ld -L../../no_last_standalone_bsp/ps7_cortexa9_0/lib -o "nolast_sw.elf"  ./src/dma_simple_mode.o ./src/helloworld.o ./src/io_reg.o ./src/platform.o ./src/union_t.o   -Wl,--start-group,-lxil,-lgcc,-lc,--end-group
Finished building target: nolast_sw.elf
 
Invoking: ARM Print Size
arm-xilinx-eabi-size nolast_sw.elf  |tee "nolast_sw.elf.size"
   text	   data	    bss	    dec	    hex	filename
  34804	   1216	  22596	  58616	   e4f8	nolast_sw.elf
Finished building: nolast_sw.elf.size
 
04:28:01 **** Incremental Build of configuration Debug for project nolast_sw ****
make all 
make: Nothing to be done for `all'.
04:28:22 **** Auto Build of configuration Debug for project nolast_sw ****
make all 
Building file: ../src/helloworld.c
Invoking: ARM gcc compiler
arm-xilinx-eabi-gcc -Wall -O0 -g3 -c -fmessage-length=0 -MT"src/helloworld.o" -I../../no_last_standalone_bsp/ps7_cortexa9_0/include -MMD -MP -MF"src/helloworld.d" -MT"src/helloworld.d" -o "src/helloworld.o" "../src/helloworld.c"
../src/helloworld.c:7:0: warning: "MEM_BASE_ADDR" redefined
 #define  MEM_BASE_ADDR 0x01000000   // See TRM -7000
 ^
In file included from ../src/helloworld.c:3:0:
../src/dma_simple_mode.h:136:0: note: this is the location of the previous definition
 #define  MEM_BASE_ADDR (DDR_BASE_ADDR + 0x1000000)
 ^
../src/helloworld.c:9:0: warning: "RX_BUFFER_BASE" redefined
 #define  RX_BUFFER_BASE 0x01300000   // Receive data
 ^
In file included from ../src/helloworld.c:3:0:
../src/dma_simple_mode.h:139:0: note: this is the location of the previous definition
 #define  RX_BUFFER_BASE (MEM_BASE_ADDR + 0x00300000)  // Buffer to store data after receiving in S2MM channel
 ^
Finished building: ../src/helloworld.c
 
Building target: nolast_sw.elf
Invoking: ARM gcc linker
arm-xilinx-eabi-gcc -Wl,-T -Wl,../src/lscript.ld -L../../no_last_standalone_bsp/ps7_cortexa9_0/lib -o "nolast_sw.elf"  ./src/dma_simple_mode.o ./src/helloworld.o ./src/io_reg.o ./src/platform.o ./src/union_t.o   -Wl,--start-group,-lxil,-lgcc,-lc,--end-group
Finished building target: nolast_sw.elf
 
Invoking: ARM Print Size
arm-xilinx-eabi-size nolast_sw.elf  |tee "nolast_sw.elf.size"
   text	   data	    bss	    dec	    hex	filename
  34804	   1216	  22596	  58616	   e4f8	nolast_sw.elf
Finished building: nolast_sw.elf.size
 
04:28:24 **** Incremental Build of configuration Debug for project nolast_sw ****
make all 
make: Nothing to be done for `all'.
04:29:35 **** Incremental Build of configuration Debug for project nolast_sw ****
make all 
make: Nothing to be done for `all'.
04:29:46 **** Incremental Build of configuration Debug for project nolast_sw ****
make all 
make: Nothing to be done for `all'.
04:29:59 **** Incremental Build of configuration Debug for project nolast_sw ****
make all 
make: Nothing to be done for `all'.
04:30:24 **** Auto Build of configuration Debug for project nolast_sw ****
make all 
Building file: ../src/helloworld.c
Invoking: ARM gcc compiler
arm-xilinx-eabi-gcc -Wall -O0 -g3 -c -fmessage-length=0 -MT"src/helloworld.o" -I../../no_last_standalone_bsp/ps7_cortexa9_0/include -MMD -MP -MF"src/helloworld.d" -MT"src/helloworld.d" -o "src/helloworld.o" "../src/helloworld.c"
../src/helloworld.c:7:0: warning: "MEM_BASE_ADDR" redefined
 #define  MEM_BASE_ADDR 0x01000000   // See TRM -7000
 ^
In file included from ../src/helloworld.c:3:0:
../src/dma_simple_mode.h:136:0: note: this is the location of the previous definition
 #define  MEM_BASE_ADDR (DDR_BASE_ADDR + 0x1000000)
 ^
../src/helloworld.c:9:0: warning: "RX_BUFFER_BASE" redefined
 #define  RX_BUFFER_BASE 0x01300000   // Receive data
 ^
In file included from ../src/helloworld.c:3:0:
../src/dma_simple_mode.h:139:0: note: this is the location of the previous definition
 #define  RX_BUFFER_BASE (MEM_BASE_ADDR + 0x00300000)  // Buffer to store data after receiving in S2MM channel
 ^
Finished building: ../src/helloworld.c
 
Building target: nolast_sw.elf
Invoking: ARM gcc linker
arm-xilinx-eabi-gcc -Wl,-T -Wl,../src/lscript.ld -L../../no_last_standalone_bsp/ps7_cortexa9_0/lib -o "nolast_sw.elf"  ./src/dma_simple_mode.o ./src/helloworld.o ./src/io_reg.o ./src/platform.o ./src/union_t.o   -Wl,--start-group,-lxil,-lgcc,-lc,--end-group
Finished building target: nolast_sw.elf
 
Invoking: ARM Print Size
arm-xilinx-eabi-size nolast_sw.elf  |tee "nolast_sw.elf.size"
   text	   data	    bss	    dec	    hex	filename
  34804	   1216	  22596	  58616	   e4f8	nolast_sw.elf
Finished building: nolast_sw.elf.size
 
04:30:27 **** Incremental Build of configuration Debug for project nolast_sw ****
make all 
make: Nothing to be done for `all'.
04:30:47 **** Auto Build of configuration Debug for project nolast_sw ****
make all 
Building file: ../src/helloworld.c
Invoking: ARM gcc compiler
arm-xilinx-eabi-gcc -Wall -O0 -g3 -c -fmessage-length=0 -MT"src/helloworld.o" -I../../no_last_standalone_bsp/ps7_cortexa9_0/include -MMD -MP -MF"src/helloworld.d" -MT"src/helloworld.d" -o "src/helloworld.o" "../src/helloworld.c"
../src/helloworld.c:7:0: warning: "MEM_BASE_ADDR" redefined
 #define  MEM_BASE_ADDR 0x01000000   // See TRM -7000
 ^
In file included from ../src/helloworld.c:3:0:
../src/dma_simple_mode.h:136:0: note: this is the location of the previous definition
 #define  MEM_BASE_ADDR (DDR_BASE_ADDR + 0x1000000)
 ^
../src/helloworld.c:9:0: warning: "RX_BUFFER_BASE" redefined
 #define  RX_BUFFER_BASE 0x01300000   // Receive data
 ^
In file included from ../src/helloworld.c:3:0:
../src/dma_simple_mode.h:139:0: note: this is the location of the previous definition
 #define  RX_BUFFER_BASE (MEM_BASE_ADDR + 0x00300000)  // Buffer to store data after receiving in S2MM channel
 ^
Finished building: ../src/helloworld.c
 
Building target: nolast_sw.elf
Invoking: ARM gcc linker
arm-xilinx-eabi-gcc -Wl,-T -Wl,../src/lscript.ld -L../../no_last_standalone_bsp/ps7_cortexa9_0/lib -o "nolast_sw.elf"  ./src/dma_simple_mode.o ./src/helloworld.o ./src/io_reg.o ./src/platform.o ./src/union_t.o   -Wl,--start-group,-lxil,-lgcc,-lc,--end-group
Finished building target: nolast_sw.elf
 
Invoking: ARM Print Size
arm-xilinx-eabi-size nolast_sw.elf  |tee "nolast_sw.elf.size"
   text	   data	    bss	    dec	    hex	filename
  34804	   1216	  22596	  58616	   e4f8	nolast_sw.elf
Finished building: nolast_sw.elf.size
 
04:30:49 **** Incremental Build of configuration Debug for project nolast_sw ****
make all 
make: Nothing to be done for `all'.
04:31:23 **** Auto Build of configuration Debug for project nolast_sw ****
make all 
Building file: ../src/helloworld.c
Invoking: ARM gcc compiler
arm-xilinx-eabi-gcc -Wall -O0 -g3 -c -fmessage-length=0 -MT"src/helloworld.o" -I../../no_last_standalone_bsp/ps7_cortexa9_0/include -MMD -MP -MF"src/helloworld.d" -MT"src/helloworld.d" -o "src/helloworld.o" "../src/helloworld.c"
../src/helloworld.c:7:0: warning: "MEM_BASE_ADDR" redefined
 #define  MEM_BASE_ADDR 0x01000000   // See TRM -7000
 ^
In file included from ../src/helloworld.c:3:0:
../src/dma_simple_mode.h:136:0: note: this is the location of the previous definition
 #define  MEM_BASE_ADDR (DDR_BASE_ADDR + 0x1000000)
 ^
../src/helloworld.c:9:0: warning: "RX_BUFFER_BASE" redefined
 #define  RX_BUFFER_BASE 0x01300000   // Receive data
 ^
In file included from ../src/helloworld.c:3:0:
../src/dma_simple_mode.h:139:0: note: this is the location of the previous definition
 #define  RX_BUFFER_BASE (MEM_BASE_ADDR + 0x00300000)  // Buffer to store data after receiving in S2MM channel
 ^
Finished building: ../src/helloworld.c
 
Building target: nolast_sw.elf
Invoking: ARM gcc linker
arm-xilinx-eabi-gcc -Wl,-T -Wl,../src/lscript.ld -L../../no_last_standalone_bsp/ps7_cortexa9_0/lib -o "nolast_sw.elf"  ./src/dma_simple_mode.o ./src/helloworld.o ./src/io_reg.o ./src/platform.o ./src/union_t.o   -Wl,--start-group,-lxil,-lgcc,-lc,--end-group
Finished building target: nolast_sw.elf
 
Invoking: ARM Print Size
arm-xilinx-eabi-size nolast_sw.elf  |tee "nolast_sw.elf.size"
   text	   data	    bss	    dec	    hex	filename
  34804	   1216	  22596	  58616	   e4f8	nolast_sw.elf
Finished building: nolast_sw.elf.size
 
04:31:47 **** Auto Build of configuration Debug for project nolast_sw ****
make all 
Building file: ../src/helloworld.c
Invoking: ARM gcc compiler
arm-xilinx-eabi-gcc -Wall -O0 -g3 -c -fmessage-length=0 -MT"src/helloworld.o" -I../../no_last_standalone_bsp/ps7_cortexa9_0/include -MMD -MP -MF"src/helloworld.d" -MT"src/helloworld.d" -o "src/helloworld.o" "../src/helloworld.c"
../src/helloworld.c:7:0: warning: "MEM_BASE_ADDR" redefined
 #define  MEM_BASE_ADDR 0x01000000   // See TRM -7000
 ^
In file included from ../src/helloworld.c:3:0:
../src/dma_simple_mode.h:136:0: note: this is the location of the previous definition
 #define  MEM_BASE_ADDR (DDR_BASE_ADDR + 0x1000000)
 ^
../src/helloworld.c:9:0: warning: "RX_BUFFER_BASE" redefined
 #define  RX_BUFFER_BASE 0x01300000   // Receive data
 ^
In file included from ../src/helloworld.c:3:0:
../src/dma_simple_mode.h:139:0: note: this is the location of the previous definition
 #define  RX_BUFFER_BASE (MEM_BASE_ADDR + 0x00300000)  // Buffer to store data after receiving in S2MM channel
 ^
Finished building: ../src/helloworld.c
 
Building target: nolast_sw.elf
Invoking: ARM gcc linker
arm-xilinx-eabi-gcc -Wl,-T -Wl,../src/lscript.ld -L../../no_last_standalone_bsp/ps7_cortexa9_0/lib -o "nolast_sw.elf"  ./src/dma_simple_mode.o ./src/helloworld.o ./src/io_reg.o ./src/platform.o ./src/union_t.o   -Wl,--start-group,-lxil,-lgcc,-lc,--end-group
Finished building target: nolast_sw.elf
 
Invoking: ARM Print Size
arm-xilinx-eabi-size nolast_sw.elf  |tee "nolast_sw.elf.size"
   text	   data	    bss	    dec	    hex	filename
  34804	   1216	  22596	  58616	   e4f8	nolast_sw.elf
Finished building: nolast_sw.elf.size
 
04:32:23 **** Auto Build of configuration Debug for project nolast_sw ****
make all 
Building file: ../src/helloworld.c
Invoking: ARM gcc compiler
arm-xilinx-eabi-gcc -Wall -O0 -g3 -c -fmessage-length=0 -MT"src/helloworld.o" -I../../no_last_standalone_bsp/ps7_cortexa9_0/include -MMD -MP -MF"src/helloworld.d" -MT"src/helloworld.d" -o "src/helloworld.o" "../src/helloworld.c"
../src/helloworld.c:7:0: warning: "MEM_BASE_ADDR" redefined
 #define  MEM_BASE_ADDR 0x01000000   // See TRM -7000
 ^
In file included from ../src/helloworld.c:3:0:
../src/dma_simple_mode.h:136:0: note: this is the location of the previous definition
 #define  MEM_BASE_ADDR (DDR_BASE_ADDR + 0x1000000)
 ^
../src/helloworld.c:9:0: warning: "RX_BUFFER_BASE" redefined
 #define  RX_BUFFER_BASE 0x01300000   // Receive data
 ^
In file included from ../src/helloworld.c:3:0:
../src/dma_simple_mode.h:139:0: note: this is the location of the previous definition
 #define  RX_BUFFER_BASE (MEM_BASE_ADDR + 0x00300000)  // Buffer to store data after receiving in S2MM channel
 ^
Finished building: ../src/helloworld.c
 
Building target: nolast_sw.elf
Invoking: ARM gcc linker
arm-xilinx-eabi-gcc -Wl,-T -Wl,../src/lscript.ld -L../../no_last_standalone_bsp/ps7_cortexa9_0/lib -o "nolast_sw.elf"  ./src/dma_simple_mode.o ./src/helloworld.o ./src/io_reg.o ./src/platform.o ./src/union_t.o   -Wl,--start-group,-lxil,-lgcc,-lc,--end-group
Finished building target: nolast_sw.elf
 
Invoking: ARM Print Size
arm-xilinx-eabi-size nolast_sw.elf  |tee "nolast_sw.elf.size"
   text	   data	    bss	    dec	    hex	filename
  34804	   1216	  22596	  58616	   e4f8	nolast_sw.elf
Finished building: nolast_sw.elf.size
 
04:32:25 **** Incremental Build of configuration Debug for project nolast_sw ****
make all 
make: Nothing to be done for `all'.
04:33:08 **** Incremental Build of configuration Debug for project nolast_sw ****
make all 
make: Nothing to be done for `all'.
04:33:47 **** Auto Build of configuration Debug for project nolast_sw ****
make all 
Building file: ../src/helloworld.c
Invoking: ARM gcc compiler
arm-xilinx-eabi-gcc -Wall -O0 -g3 -c -fmessage-length=0 -MT"src/helloworld.o" -I../../no_last_standalone_bsp/ps7_cortexa9_0/include -MMD -MP -MF"src/helloworld.d" -MT"src/helloworld.d" -o "src/helloworld.o" "../src/helloworld.c"
../src/helloworld.c:7:0: warning: "MEM_BASE_ADDR" redefined
 #define  MEM_BASE_ADDR 0x01000000   // See TRM -7000
 ^
In file included from ../src/helloworld.c:3:0:
../src/dma_simple_mode.h:136:0: note: this is the location of the previous definition
 #define  MEM_BASE_ADDR (DDR_BASE_ADDR + 0x1000000)
 ^
../src/helloworld.c:9:0: warning: "RX_BUFFER_BASE" redefined
 #define  RX_BUFFER_BASE 0x01300000   // Receive data
 ^
In file included from ../src/helloworld.c:3:0:
../src/dma_simple_mode.h:139:0: note: this is the location of the previous definition
 #define  RX_BUFFER_BASE (MEM_BASE_ADDR + 0x00300000)  // Buffer to store data after receiving in S2MM channel
 ^
Finished building: ../src/helloworld.c
 
Building target: nolast_sw.elf
Invoking: ARM gcc linker
arm-xilinx-eabi-gcc -Wl,-T -Wl,../src/lscript.ld -L../../no_last_standalone_bsp/ps7_cortexa9_0/lib -o "nolast_sw.elf"  ./src/dma_simple_mode.o ./src/helloworld.o ./src/io_reg.o ./src/platform.o ./src/union_t.o   -Wl,--start-group,-lxil,-lgcc,-lc,--end-group
Finished building target: nolast_sw.elf
 
Invoking: ARM Print Size
arm-xilinx-eabi-size nolast_sw.elf  |tee "nolast_sw.elf.size"
   text	   data	    bss	    dec	    hex	filename
  34804	   1216	  22596	  58616	   e4f8	nolast_sw.elf
Finished building: nolast_sw.elf.size
 
04:34:11 **** Auto Build of configuration Debug for project nolast_sw ****
make all 
Building file: ../src/helloworld.c
Invoking: ARM gcc compiler
arm-xilinx-eabi-gcc -Wall -O0 -g3 -c -fmessage-length=0 -MT"src/helloworld.o" -I../../no_last_standalone_bsp/ps7_cortexa9_0/include -MMD -MP -MF"src/helloworld.d" -MT"src/helloworld.d" -o "src/helloworld.o" "../src/helloworld.c"
../src/helloworld.c:7:0: warning: "MEM_BASE_ADDR" redefined
 #define  MEM_BASE_ADDR 0x01000000   // See TRM -7000
 ^
In file included from ../src/helloworld.c:3:0:
../src/dma_simple_mode.h:136:0: note: this is the location of the previous definition
 #define  MEM_BASE_ADDR (DDR_BASE_ADDR + 0x1000000)
 ^
../src/helloworld.c:9:0: warning: "RX_BUFFER_BASE" redefined
 #define  RX_BUFFER_BASE 0x01300000   // Receive data
 ^
In file included from ../src/helloworld.c:3:0:
../src/dma_simple_mode.h:139:0: note: this is the location of the previous definition
 #define  RX_BUFFER_BASE (MEM_BASE_ADDR + 0x00300000)  // Buffer to store data after receiving in S2MM channel
 ^
Finished building: ../src/helloworld.c
 
Building target: nolast_sw.elf
Invoking: ARM gcc linker
arm-xilinx-eabi-gcc -Wl,-T -Wl,../src/lscript.ld -L../../no_last_standalone_bsp/ps7_cortexa9_0/lib -o "nolast_sw.elf"  ./src/dma_simple_mode.o ./src/helloworld.o ./src/io_reg.o ./src/platform.o ./src/union_t.o   -Wl,--start-group,-lxil,-lgcc,-lc,--end-group
Finished building target: nolast_sw.elf
 
Invoking: ARM Print Size
arm-xilinx-eabi-size nolast_sw.elf  |tee "nolast_sw.elf.size"
   text	   data	    bss	    dec	    hex	filename
  34804	   1216	  22596	  58616	   e4f8	nolast_sw.elf
Finished building: nolast_sw.elf.size
 
04:48:42 **** Auto Build of configuration Debug for project nolast_sw ****
make all 
Building file: ../src/helloworld.c
Invoking: ARM gcc compiler
arm-xilinx-eabi-gcc -Wall -O0 -g3 -c -fmessage-length=0 -MT"src/helloworld.o" -I../../no_last_standalone_bsp/ps7_cortexa9_0/include -MMD -MP -MF"src/helloworld.d" -MT"src/helloworld.d" -o "src/helloworld.o" "../src/helloworld.c"
../src/helloworld.c:7:0: warning: "MEM_BASE_ADDR" redefined
 #define  MEM_BASE_ADDR 0x01000000   // See TRM -7000
 ^
In file included from ../src/helloworld.c:3:0:
../src/dma_simple_mode.h:136:0: note: this is the location of the previous definition
 #define  MEM_BASE_ADDR (DDR_BASE_ADDR + 0x1000000)
 ^
../src/helloworld.c:9:0: warning: "RX_BUFFER_BASE" redefined
 #define  RX_BUFFER_BASE 0x01300000   // Receive data
 ^
In file included from ../src/helloworld.c:3:0:
../src/dma_simple_mode.h:139:0: note: this is the location of the previous definition
 #define  RX_BUFFER_BASE (MEM_BASE_ADDR + 0x00300000)  // Buffer to store data after receiving in S2MM channel
 ^
Finished building: ../src/helloworld.c
 
Building target: nolast_sw.elf
Invoking: ARM gcc linker
arm-xilinx-eabi-gcc -Wl,-T -Wl,../src/lscript.ld -L../../no_last_standalone_bsp/ps7_cortexa9_0/lib -o "nolast_sw.elf"  ./src/dma_simple_mode.o ./src/helloworld.o ./src/io_reg.o ./src/platform.o ./src/union_t.o   -Wl,--start-group,-lxil,-lgcc,-lc,--end-group
Finished building target: nolast_sw.elf
 
Invoking: ARM Print Size
arm-xilinx-eabi-size nolast_sw.elf  |tee "nolast_sw.elf.size"
   text	   data	    bss	    dec	    hex	filename
  34804	   1216	  22596	  58616	   e4f8	nolast_sw.elf
Finished building: nolast_sw.elf.size
 
04:49:04 **** Auto Build of configuration Debug for project nolast_sw ****
make all 
Building file: ../src/helloworld.c
Invoking: ARM gcc compiler
arm-xilinx-eabi-gcc -Wall -O0 -g3 -c -fmessage-length=0 -MT"src/helloworld.o" -I../../no_last_standalone_bsp/ps7_cortexa9_0/include -MMD -MP -MF"src/helloworld.d" -MT"src/helloworld.d" -o "src/helloworld.o" "../src/helloworld.c"
../src/helloworld.c:7:0: warning: "MEM_BASE_ADDR" redefined
 #define  MEM_BASE_ADDR 0x01000000   // See TRM -7000
 ^
In file included from ../src/helloworld.c:3:0:
../src/dma_simple_mode.h:136:0: note: this is the location of the previous definition
 #define  MEM_BASE_ADDR (DDR_BASE_ADDR + 0x1000000)
 ^
../src/helloworld.c:9:0: warning: "RX_BUFFER_BASE" redefined
 #define  RX_BUFFER_BASE 0x01300000   // Receive data
 ^
In file included from ../src/helloworld.c:3:0:
../src/dma_simple_mode.h:139:0: note: this is the location of the previous definition
 #define  RX_BUFFER_BASE (MEM_BASE_ADDR + 0x00300000)  // Buffer to store data after receiving in S2MM channel
 ^
Finished building: ../src/helloworld.c
 
Building target: nolast_sw.elf
Invoking: ARM gcc linker
arm-xilinx-eabi-gcc -Wl,-T -Wl,../src/lscript.ld -L../../no_last_standalone_bsp/ps7_cortexa9_0/lib -o "nolast_sw.elf"  ./src/dma_simple_mode.o ./src/helloworld.o ./src/io_reg.o ./src/platform.o ./src/union_t.o   -Wl,--start-group,-lxil,-lgcc,-lc,--end-group
Finished building target: nolast_sw.elf
 
Invoking: ARM Print Size
arm-xilinx-eabi-size nolast_sw.elf  |tee "nolast_sw.elf.size"
   text	   data	    bss	    dec	    hex	filename
  34804	   1216	  22596	  58616	   e4f8	nolast_sw.elf
Finished building: nolast_sw.elf.size
 
04:49:15 **** Incremental Build of configuration Debug for project nolast_sw ****
make all 
make: Nothing to be done for `all'.
04:49:45 **** Incremental Build of configuration Debug for project nolast_sw ****
make all 
make: Nothing to be done for `all'.
04:50:26 **** Auto Build of configuration Debug for project nolast_sw ****
make all 
Building file: ../src/helloworld.c
Invoking: ARM gcc compiler
arm-xilinx-eabi-gcc -Wall -O0 -g3 -c -fmessage-length=0 -MT"src/helloworld.o" -I../../no_last_standalone_bsp/ps7_cortexa9_0/include -MMD -MP -MF"src/helloworld.d" -MT"src/helloworld.d" -o "src/helloworld.o" "../src/helloworld.c"
../src/helloworld.c:7:0: warning: "MEM_BASE_ADDR" redefined
 #define  MEM_BASE_ADDR 0x01000000   // See TRM -7000
 ^
In file included from ../src/helloworld.c:3:0:
../src/dma_simple_mode.h:136:0: note: this is the location of the previous definition
 #define  MEM_BASE_ADDR (DDR_BASE_ADDR + 0x1000000)
 ^
../src/helloworld.c:9:0: warning: "RX_BUFFER_BASE" redefined
 #define  RX_BUFFER_BASE 0x01300000   // Receive data
 ^
In file included from ../src/helloworld.c:3:0:
../src/dma_simple_mode.h:139:0: note: this is the location of the previous definition
 #define  RX_BUFFER_BASE (MEM_BASE_ADDR + 0x00300000)  // Buffer to store data after receiving in S2MM channel
 ^
Finished building: ../src/helloworld.c
 
Building target: nolast_sw.elf
Invoking: ARM gcc linker
arm-xilinx-eabi-gcc -Wl,-T -Wl,../src/lscript.ld -L../../no_last_standalone_bsp/ps7_cortexa9_0/lib -o "nolast_sw.elf"  ./src/dma_simple_mode.o ./src/helloworld.o ./src/io_reg.o ./src/platform.o ./src/union_t.o   -Wl,--start-group,-lxil,-lgcc,-lc,--end-group
Finished building target: nolast_sw.elf
 
Invoking: ARM Print Size
arm-xilinx-eabi-size nolast_sw.elf  |tee "nolast_sw.elf.size"
   text	   data	    bss	    dec	    hex	filename
  34804	   1216	  22596	  58616	   e4f8	nolast_sw.elf
Finished building: nolast_sw.elf.size
 
04:52:33 **** Incremental Build of configuration Debug for project nolast_sw ****
make all 
make: Nothing to be done for `all'.
05:05:23 **** Incremental Build of configuration Debug for project nolast_sw ****
make all 
make: Nothing to be done for `all'.
05:34:15 **** Build of project no_last_standalone_bsp_20bit ****
make -k all 
Running Make include in ps7_cortexa9_0/libsrc/axidma_v9_0/src
make -C ps7_cortexa9_0/libsrc/axidma_v9_0/src -s include  "SHELL=/bin/sh" "COMPILER=arm-xilinx-eabi-gcc" "ARCHIVER=arm-xilinx-eabi-ar" "COMPILER_FLAGS=  -O2 -c" "EXTRA_COMPILER_FLAGS=-g"
Running Make include in ps7_cortexa9_0/libsrc/coresightps_dcc_v1_1/src
make -C ps7_cortexa9_0/libsrc/coresightps_dcc_v1_1/src -s include  "SHELL=/bin/sh" "COMPILER=arm-xilinx-eabi-gcc" "ARCHIVER=arm-xilinx-eabi-ar" "COMPILER_FLAGS=  -O2 -c" "EXTRA_COMPILER_FLAGS=-g"
Running Make include in ps7_cortexa9_0/libsrc/counter_stream_hls_v1_0/src
make -C ps7_cortexa9_0/libsrc/counter_stream_hls_v1_0/src -s include  "SHELL=/bin/sh" "COMPILER=arm-xilinx-eabi-gcc" "ARCHIVER=arm-xilinx-eabi-ar" "COMPILER_FLAGS=  -O2 -c" "EXTRA_COMPILER_FLAGS=-g"
Running Make include in ps7_cortexa9_0/libsrc/cpu_cortexa9_v2_1/src
make -C ps7_cortexa9_0/libsrc/cpu_cortexa9_v2_1/src -s include  "SHELL=/bin/sh" "COMPILER=arm-xilinx-eabi-gcc" "ARCHIVER=arm-xilinx-eabi-ar" "COMPILER_FLAGS=  -O2 -c" "EXTRA_COMPILER_FLAGS=-g"
Running Make include in ps7_cortexa9_0/libsrc/ddrps_v1_0/src
make -C ps7_cortexa9_0/libsrc/ddrps_v1_0/src -s include  "SHELL=/bin/sh" "COMPILER=arm-xilinx-eabi-gcc" "ARCHIVER=arm-xilinx-eabi-ar" "COMPILER_FLAGS=  -O2 -c" "EXTRA_COMPILER_FLAGS=-g"
Running Make include in ps7_cortexa9_0/libsrc/devcfg_v3_3/src
make -C ps7_cortexa9_0/libsrc/devcfg_v3_3/src -s include  "SHELL=/bin/sh" "COMPILER=arm-xilinx-eabi-gcc" "ARCHIVER=arm-xilinx-eabi-ar" "COMPILER_FLAGS=  -O2 -c" "EXTRA_COMPILER_FLAGS=-g"
Running Make include in ps7_cortexa9_0/libsrc/dmaps_v2_1/src
make -C ps7_cortexa9_0/libsrc/dmaps_v2_1/src -s include  "SHELL=/bin/sh" "COMPILER=arm-xilinx-eabi-gcc" "ARCHIVER=arm-xilinx-eabi-ar" "COMPILER_FLAGS=  -O2 -c" "EXTRA_COMPILER_FLAGS=-g"
Running Make include in ps7_cortexa9_0/libsrc/emacps_v3_1/src
make -C ps7_cortexa9_0/libsrc/emacps_v3_1/src -s include  "SHELL=/bin/sh" "COMPILER=arm-xilinx-eabi-gcc" "ARCHIVER=arm-xilinx-eabi-ar" "COMPILER_FLAGS=  -O2 -c" "EXTRA_COMPILER_FLAGS=-g"
Running Make include in ps7_cortexa9_0/libsrc/gpiops_v3_1/src
make -C ps7_cortexa9_0/libsrc/gpiops_v3_1/src -s include  "SHELL=/bin/sh" "COMPILER=arm-xilinx-eabi-gcc" "ARCHIVER=arm-xilinx-eabi-ar" "COMPILER_FLAGS=  -O2 -c" "EXTRA_COMPILER_FLAGS=-g"
Running Make include in ps7_cortexa9_0/libsrc/qspips_v3_2/src
make -C ps7_cortexa9_0/libsrc/qspips_v3_2/src -s include  "SHELL=/bin/sh" "COMPILER=arm-xilinx-eabi-gcc" "ARCHIVER=arm-xilinx-eabi-ar" "COMPILER_FLAGS=  -O2 -c" "EXTRA_COMPILER_FLAGS=-g"
Running Make include in ps7_cortexa9_0/libsrc/scugic_v3_1/src
make -C ps7_cortexa9_0/libsrc/scugic_v3_1/src -s include  "SHELL=/bin/sh" "COMPILER=arm-xilinx-eabi-gcc" "ARCHIVER=arm-xilinx-eabi-ar" "COMPILER_FLAGS=  -O2 -c" "EXTRA_COMPILER_FLAGS=-g"
Running Make include in ps7_cortexa9_0/libsrc/scutimer_v2_1/src
make -C ps7_cortexa9_0/libsrc/scutimer_v2_1/src -s include  "SHELL=/bin/sh" "COMPILER=arm-xilinx-eabi-gcc" "ARCHIVER=arm-xilinx-eabi-ar" "COMPILER_FLAGS=  -O2 -c" "EXTRA_COMPILER_FLAGS=-g"
Running Make include in ps7_cortexa9_0/libsrc/scuwdt_v2_1/src
make -C ps7_cortexa9_0/libsrc/scuwdt_v2_1/src -s include  "SHELL=/bin/sh" "COMPILER=arm-xilinx-eabi-gcc" "ARCHIVER=arm-xilinx-eabi-ar" "COMPILER_FLAGS=  -O2 -c" "EXTRA_COMPILER_FLAGS=-g"
Running Make include in ps7_cortexa9_0/libsrc/sdps_v2_5/src
make -C ps7_cortexa9_0/libsrc/sdps_v2_5/src -s include  "SHELL=/bin/sh" "COMPILER=arm-xilinx-eabi-gcc" "ARCHIVER=arm-xilinx-eabi-ar" "COMPILER_FLAGS=  -O2 -c" "EXTRA_COMPILER_FLAGS=-g"
Running Make include in ps7_cortexa9_0/libsrc/standalone_v5_2/src
make -C ps7_cortexa9_0/libsrc/standalone_v5_2/src -s include  "SHELL=/bin/sh" "COMPILER=arm-xilinx-eabi-gcc" "ARCHIVER=arm-xilinx-eabi-ar" "COMPILER_FLAGS=  -O2 -c" "EXTRA_COMPILER_FLAGS=-g"
Running Make include in ps7_cortexa9_0/libsrc/ttcps_v3_0/src
make -C ps7_cortexa9_0/libsrc/ttcps_v3_0/src -s include  "SHELL=/bin/sh" "COMPILER=arm-xilinx-eabi-gcc" "ARCHIVER=arm-xilinx-eabi-ar" "COMPILER_FLAGS=  -O2 -c" "EXTRA_COMPILER_FLAGS=-g"
Running Make include in ps7_cortexa9_0/libsrc/uartps_v3_1/src
make -C ps7_cortexa9_0/libsrc/uartps_v3_1/src -s include  "SHELL=/bin/sh" "COMPILER=arm-xilinx-eabi-gcc" "ARCHIVER=arm-xilinx-eabi-ar" "COMPILER_FLAGS=  -O2 -c" "EXTRA_COMPILER_FLAGS=-g"
Running Make include in ps7_cortexa9_0/libsrc/usbps_v2_2/src
make -C ps7_cortexa9_0/libsrc/usbps_v2_2/src -s include  "SHELL=/bin/sh" "COMPILER=arm-xilinx-eabi-gcc" "ARCHIVER=arm-xilinx-eabi-ar" "COMPILER_FLAGS=  -O2 -c" "EXTRA_COMPILER_FLAGS=-g"
Running Make include in ps7_cortexa9_0/libsrc/xadcps_v2_2/src
make -C ps7_cortexa9_0/libsrc/xadcps_v2_2/src -s include  "SHELL=/bin/sh" "COMPILER=arm-xilinx-eabi-gcc" "ARCHIVER=arm-xilinx-eabi-ar" "COMPILER_FLAGS=  -O2 -c" "EXTRA_COMPILER_FLAGS=-g"
Running Make libs in ps7_cortexa9_0/libsrc/axidma_v9_0/src
make -C ps7_cortexa9_0/libsrc/axidma_v9_0/src -s libs  "SHELL=/bin/sh" "COMPILER=arm-xilinx-eabi-gcc" "ARCHIVER=arm-xilinx-eabi-ar" "COMPILER_FLAGS=  -O2 -c" "EXTRA_COMPILER_FLAGS=-g"
Compiling axidma
In file included from xaxidma.h:470:0,
                 from xaxidma.c:83:
xaxidma.c: In function 'XAxiDma_Reset':
xaxidma_bdring.h:238:26: warning: assignment makes pointer from integer without a cast
    (RingPtr)->BdaRestart =      \
                          ^
xaxidma.c:313:3: note: in expansion of macro 'XAxiDma_BdRingSnapShotCurrBd'
   XAxiDma_BdRingSnapShotCurrBd(TxRingPtr);
   ^
xaxidma_bdring.h:243:27: warning: assignment makes pointer from integer without a cast
     (RingPtr)->BdaRestart =     \
                           ^
xaxidma.c:313:3: note: in expansion of macro 'XAxiDma_BdRingSnapShotCurrBd'
   XAxiDma_BdRingSnapShotCurrBd(TxRingPtr);
   ^
xaxidma_bdring.h:248:27: warning: assignment makes pointer from integer without a cast
     (RingPtr)->BdaRestart =     \
                           ^
xaxidma.c:313:3: note: in expansion of macro 'XAxiDma_BdRingSnapShotCurrBd'
   XAxiDma_BdRingSnapShotCurrBd(TxRingPtr);
   ^
xaxidma_bdring.h:238:26: warning: assignment makes pointer from integer without a cast
    (RingPtr)->BdaRestart =      \
                          ^
xaxidma.c:319:4: note: in expansion of macro 'XAxiDma_BdRingSnapShotCurrBd'
    XAxiDma_BdRingSnapShotCurrBd(RxRingPtr);
    ^
xaxidma_bdring.h:243:27: warning: assignment makes pointer from integer without a cast
     (RingPtr)->BdaRestart =     \
                           ^
xaxidma.c:319:4: note: in expansion of macro 'XAxiDma_BdRingSnapShotCurrBd'
    XAxiDma_BdRingSnapShotCurrBd(RxRingPtr);
    ^
xaxidma_bdring.h:248:27: warning: assignment makes pointer from integer without a cast
     (RingPtr)->BdaRestart =     \
                           ^
xaxidma.c:319:4: note: in expansion of macro 'XAxiDma_BdRingSnapShotCurrBd'
    XAxiDma_BdRingSnapShotCurrBd(RxRingPtr);
    ^
arm-xilinx-eabi-ar: creating ../../../lib/libxil.a
Running Make libs in ps7_cortexa9_0/libsrc/coresightps_dcc_v1_1/src
make -C ps7_cortexa9_0/libsrc/coresightps_dcc_v1_1/src -s libs  "SHELL=/bin/sh" "COMPILER=arm-xilinx-eabi-gcc" "ARCHIVER=arm-xilinx-eabi-ar" "COMPILER_FLAGS=  -O2 -c" "EXTRA_COMPILER_FLAGS=-g"
Compiling coresightps_dcc
Running Make libs in ps7_cortexa9_0/libsrc/counter_stream_hls_v1_0/src
make -C ps7_cortexa9_0/libsrc/counter_stream_hls_v1_0/src -s libs  "SHELL=/bin/sh" "COMPILER=arm-xilinx-eabi-gcc" "ARCHIVER=arm-xilinx-eabi-ar" "COMPILER_FLAGS=  -O2 -c" "EXTRA_COMPILER_FLAGS=-g"
Compiling counter_stream_hls
Running Make libs in ps7_cortexa9_0/libsrc/cpu_cortexa9_v2_1/src
make -C ps7_cortexa9_0/libsrc/cpu_cortexa9_v2_1/src -s libs  "SHELL=/bin/sh" "COMPILER=arm-xilinx-eabi-gcc" "ARCHIVER=arm-xilinx-eabi-ar" "COMPILER_FLAGS=  -O2 -c" "EXTRA_COMPILER_FLAGS=-g"
Compiling cpu_cortexa9
Running Make libs in ps7_cortexa9_0/libsrc/ddrps_v1_0/src
make -C ps7_cortexa9_0/libsrc/ddrps_v1_0/src -s libs  "SHELL=/bin/sh" "COMPILER=arm-xilinx-eabi-gcc" "ARCHIVER=arm-xilinx-eabi-ar" "COMPILER_FLAGS=  -O2 -c" "EXTRA_COMPILER_FLAGS=-g"
Compiling ddrps
[...]
 ^
../src/helloworld.c:18:0: warning: "RX_BUFFER_BASE" redefined
 #define  RX_BUFFER_BASE 0x01300000   // Receive data
 ^
In file included from ../src/helloworld.c:12:0:
../src/dma_simple_mode.h:139:0: note: this is the location of the previous definition
 #define  RX_BUFFER_BASE (MEM_BASE_ADDR + 0x00300000)  // Buffer to store data after receiving in S2MM channel
 ^
Finished building: ../src/helloworld.c
 
Building target: nolast_sw.elf
Invoking: ARM gcc linker
arm-xilinx-eabi-gcc -Wl,-T -Wl,../src/lscript.ld -L../../no_last_standalone_bsp/ps7_cortexa9_0/lib -o "nolast_sw.elf"  ./src/dma_simple_mode.o ./src/helloworld.o ./src/io_reg.o ./src/platform.o ./src/union_t.o   -Wl,--start-group,-lxil,-lgcc,-lc,--end-group
Finished building target: nolast_sw.elf
 
Invoking: ARM Print Size
arm-xilinx-eabi-size nolast_sw.elf  |tee "nolast_sw.elf.size"
   text	   data	    bss	    dec	    hex	filename
  35268	   1216	  22596	  59080	   e6c8	nolast_sw.elf
Finished building: nolast_sw.elf.size
 
02:21:48 **** Incremental Build of configuration Debug for project no_last_sw_20bit ****
make all 
make: Nothing to be done for `all'.
02:21:49 **** Incremental Build of configuration Debug for project nolast_sw ****
make all 
make: Nothing to be done for `all'.
02:22:30 **** Auto Build of configuration Debug for project nolast_sw ****
make all 
Building file: ../src/helloworld.c
Invoking: ARM gcc compiler
arm-xilinx-eabi-gcc -Wall -O0 -g3 -c -fmessage-length=0 -MT"src/helloworld.o" -I../../no_last_standalone_bsp/ps7_cortexa9_0/include -MMD -MP -MF"src/helloworld.d" -MT"src/helloworld.d" -o "src/helloworld.o" "../src/helloworld.c"
../src/helloworld.c:16:0: warning: "MEM_BASE_ADDR" redefined
 #define  MEM_BASE_ADDR 0x01000000   // See TRM -7000
 ^
In file included from ../src/helloworld.c:12:0:
../src/dma_simple_mode.h:136:0: note: this is the location of the previous definition
 #define  MEM_BASE_ADDR (DDR_BASE_ADDR + 0x1000000)
 ^
../src/helloworld.c:18:0: warning: "RX_BUFFER_BASE" redefined
 #define  RX_BUFFER_BASE 0x01300000   // Receive data
 ^
In file included from ../src/helloworld.c:12:0:
../src/dma_simple_mode.h:139:0: note: this is the location of the previous definition
 #define  RX_BUFFER_BASE (MEM_BASE_ADDR + 0x00300000)  // Buffer to store data after receiving in S2MM channel
 ^
Finished building: ../src/helloworld.c
 
Building target: nolast_sw.elf
Invoking: ARM gcc linker
arm-xilinx-eabi-gcc -Wl,-T -Wl,../src/lscript.ld -L../../no_last_standalone_bsp/ps7_cortexa9_0/lib -o "nolast_sw.elf"  ./src/dma_simple_mode.o ./src/helloworld.o ./src/io_reg.o ./src/platform.o ./src/union_t.o   -Wl,--start-group,-lxil,-lgcc,-lc,--end-group
Finished building target: nolast_sw.elf
 
Invoking: ARM Print Size
arm-xilinx-eabi-size nolast_sw.elf  |tee "nolast_sw.elf.size"
   text	   data	    bss	    dec	    hex	filename
  35268	   1216	  22596	  59080	   e6c8	nolast_sw.elf
Finished building: nolast_sw.elf.size
 
02:23:04 **** Auto Build of configuration Debug for project nolast_sw ****
make all 
Building file: ../src/helloworld.c
Invoking: ARM gcc compiler
arm-xilinx-eabi-gcc -Wall -O0 -g3 -c -fmessage-length=0 -MT"src/helloworld.o" -I../../no_last_standalone_bsp/ps7_cortexa9_0/include -MMD -MP -MF"src/helloworld.d" -MT"src/helloworld.d" -o "src/helloworld.o" "../src/helloworld.c"
Finished building: ../src/helloworld.c
 
Building target: nolast_sw.elf
Invoking: ARM gcc linker
arm-xilinx-eabi-gcc -Wl,-T -Wl,../src/lscript.ld -L../../no_last_standalone_bsp/ps7_cortexa9_0/lib -o "nolast_sw.elf"  ./src/dma_simple_mode.o ./src/helloworld.o ./src/io_reg.o ./src/platform.o ./src/union_t.o   -Wl,--start-group,-lxil,-lgcc,-lc,--end-group
Finished building target: nolast_sw.elf
 
Invoking: ARM Print Size
arm-xilinx-eabi-size nolast_sw.elf  |tee "nolast_sw.elf.size"
   text	   data	    bss	    dec	    hex	filename
  35268	   1216	  22596	  59080	   e6c8	nolast_sw.elf
Finished building: nolast_sw.elf.size
 
02:23:11 **** Incremental Build of configuration Debug for project no_last_sw_20bit ****
make all 
make: Nothing to be done for `all'.
02:23:11 **** Incremental Build of configuration Debug for project nolast_sw ****
make all 
make: Nothing to be done for `all'.
02:26:03 **** Auto Build of configuration Debug for project nolast_sw ****
make all 
Building file: ../src/helloworld.c
Invoking: ARM gcc compiler
arm-xilinx-eabi-gcc -Wall -O0 -g3 -c -fmessage-length=0 -MT"src/helloworld.o" -I../../no_last_standalone_bsp/ps7_cortexa9_0/include -MMD -MP -MF"src/helloworld.d" -MT"src/helloworld.d" -o "src/helloworld.o" "../src/helloworld.c"
Finished building: ../src/helloworld.c
 
Building target: nolast_sw.elf
Invoking: ARM gcc linker
arm-xilinx-eabi-gcc -Wl,-T -Wl,../src/lscript.ld -L../../no_last_standalone_bsp/ps7_cortexa9_0/lib -o "nolast_sw.elf"  ./src/dma_simple_mode.o ./src/helloworld.o ./src/io_reg.o ./src/platform.o ./src/union_t.o   -Wl,--start-group,-lxil,-lgcc,-lc,--end-group
Finished building target: nolast_sw.elf
 
Invoking: ARM Print Size
arm-xilinx-eabi-size nolast_sw.elf  |tee "nolast_sw.elf.size"
   text	   data	    bss	    dec	    hex	filename
  35268	   1216	  22596	  59080	   e6c8	nolast_sw.elf
Finished building: nolast_sw.elf.size
 
02:26:07 **** Incremental Build of configuration Debug for project no_last_sw_20bit ****
make all 
make: Nothing to be done for `all'.
02:26:07 **** Incremental Build of configuration Debug for project nolast_sw ****
make all 
make: Nothing to be done for `all'.
02:29:06 **** Auto Build of configuration Debug for project nolast_sw ****
make all 
Building file: ../src/helloworld.c
Invoking: ARM gcc compiler
arm-xilinx-eabi-gcc -Wall -O0 -g3 -c -fmessage-length=0 -MT"src/helloworld.o" -I../../no_last_standalone_bsp/ps7_cortexa9_0/include -MMD -MP -MF"src/helloworld.d" -MT"src/helloworld.d" -o "src/helloworld.o" "../src/helloworld.c"
Finished building: ../src/helloworld.c
 
Building target: nolast_sw.elf
Invoking: ARM gcc linker
arm-xilinx-eabi-gcc -Wl,-T -Wl,../src/lscript.ld -L../../no_last_standalone_bsp/ps7_cortexa9_0/lib -o "nolast_sw.elf"  ./src/dma_simple_mode.o ./src/helloworld.o ./src/io_reg.o ./src/platform.o ./src/union_t.o   -Wl,--start-group,-lxil,-lgcc,-lc,--end-group
Finished building target: nolast_sw.elf
 
Invoking: ARM Print Size
arm-xilinx-eabi-size nolast_sw.elf  |tee "nolast_sw.elf.size"
   text	   data	    bss	    dec	    hex	filename
  35204	   1216	  22596	  59016	   e688	nolast_sw.elf
Finished building: nolast_sw.elf.size
 
02:29:11 **** Incremental Build of configuration Debug for project no_last_sw_20bit ****
make all 
make: Nothing to be done for `all'.
02:29:12 **** Incremental Build of configuration Debug for project nolast_sw ****
make all 
make: Nothing to be done for `all'.
02:30:33 **** Auto Build of configuration Debug for project nolast_sw ****
make all 
Building file: ../src/helloworld.c
Invoking: ARM gcc compiler
arm-xilinx-eabi-gcc -Wall -O0 -g3 -c -fmessage-length=0 -MT"src/helloworld.o" -I../../no_last_standalone_bsp/ps7_cortexa9_0/include -MMD -MP -MF"src/helloworld.d" -MT"src/helloworld.d" -o "src/helloworld.o" "../src/helloworld.c"
Finished building: ../src/helloworld.c
 
Building target: nolast_sw.elf
Invoking: ARM gcc linker
arm-xilinx-eabi-gcc -Wl,-T -Wl,../src/lscript.ld -L../../no_last_standalone_bsp/ps7_cortexa9_0/lib -o "nolast_sw.elf"  ./src/dma_simple_mode.o ./src/helloworld.o ./src/io_reg.o ./src/platform.o ./src/union_t.o   -Wl,--start-group,-lxil,-lgcc,-lc,--end-group
Finished building target: nolast_sw.elf
 
Invoking: ARM Print Size
arm-xilinx-eabi-size nolast_sw.elf  |tee "nolast_sw.elf.size"
   text	   data	    bss	    dec	    hex	filename
  35204	   1216	  22596	  59016	   e688	nolast_sw.elf
Finished building: nolast_sw.elf.size
 
02:30:37 **** Incremental Build of configuration Debug for project no_last_sw_20bit ****
make all 
make: Nothing to be done for `all'.
02:30:37 **** Incremental Build of configuration Debug for project nolast_sw ****
make all 
make: Nothing to be done for `all'.
02:38:26 **** Auto Build of configuration Debug for project nolast_sw ****
make all 
Building file: ../src/dma_simple_mode.c
Invoking: ARM gcc compiler
arm-xilinx-eabi-gcc -Wall -O0 -g3 -c -fmessage-length=0 -MT"src/dma_simple_mode.o" -I../../no_last_standalone_bsp/ps7_cortexa9_0/include -MMD -MP -MF"src/dma_simple_mode.d" -MT"src/dma_simple_mode.d" -o "src/dma_simple_mode.o" "../src/dma_simple_mode.c"
../src/dma_simple_mode.c:339:1: error: expected identifier or '(' before '}' token
 }
 ^
make: *** [src/dma_simple_mode.o] Error 1
02:38:54 **** Auto Build of configuration Debug for project nolast_sw ****
make all 
Building file: ../src/dma_simple_mode.c
Invoking: ARM gcc compiler
arm-xilinx-eabi-gcc -Wall -O0 -g3 -c -fmessage-length=0 -MT"src/dma_simple_mode.o" -I../../no_last_standalone_bsp/ps7_cortexa9_0/include -MMD -MP -MF"src/dma_simple_mode.d" -MT"src/dma_simple_mode.d" -o "src/dma_simple_mode.o" "../src/dma_simple_mode.c"
Finished building: ../src/dma_simple_mode.c
 
Building target: nolast_sw.elf
Invoking: ARM gcc linker
arm-xilinx-eabi-gcc -Wl,-T -Wl,../src/lscript.ld -L../../no_last_standalone_bsp/ps7_cortexa9_0/lib -o "nolast_sw.elf"  ./src/dma_simple_mode.o ./src/helloworld.o ./src/io_reg.o ./src/platform.o ./src/union_t.o   -Wl,--start-group,-lxil,-lgcc,-lc,--end-group
Finished building target: nolast_sw.elf
 
Invoking: ARM Print Size
arm-xilinx-eabi-size nolast_sw.elf  |tee "nolast_sw.elf.size"
   text	   data	    bss	    dec	    hex	filename
  35332	   1216	  22596	  59144	   e708	nolast_sw.elf
Finished building: nolast_sw.elf.size
 
02:39:12 **** Auto Build of configuration Debug for project nolast_sw ****
make all 
Building file: ../src/dma_simple_mode.c
Invoking: ARM gcc compiler
arm-xilinx-eabi-gcc -Wall -O0 -g3 -c -fmessage-length=0 -MT"src/dma_simple_mode.o" -I../../no_last_standalone_bsp/ps7_cortexa9_0/include -MMD -MP -MF"src/dma_simple_mode.d" -MT"src/dma_simple_mode.d" -o "src/dma_simple_mode.o" "../src/dma_simple_mode.c"
Finished building: ../src/dma_simple_mode.c
 
Building file: ../src/helloworld.c
Invoking: ARM gcc compiler
arm-xilinx-eabi-gcc -Wall -O0 -g3 -c -fmessage-length=0 -MT"src/helloworld.o" -I../../no_last_standalone_bsp/ps7_cortexa9_0/include -MMD -MP -MF"src/helloworld.d" -MT"src/helloworld.d" -o "src/helloworld.o" "../src/helloworld.c"
Finished building: ../src/helloworld.c
 
Building target: nolast_sw.elf
Invoking: ARM gcc linker
arm-xilinx-eabi-gcc -Wl,-T -Wl,../src/lscript.ld -L../../no_last_standalone_bsp/ps7_cortexa9_0/lib -o "nolast_sw.elf"  ./src/dma_simple_mode.o ./src/helloworld.o ./src/io_reg.o ./src/platform.o ./src/union_t.o   -Wl,--start-group,-lxil,-lgcc,-lc,--end-group
Finished building target: nolast_sw.elf
 
Invoking: ARM Print Size
arm-xilinx-eabi-size nolast_sw.elf  |tee "nolast_sw.elf.size"
   text	   data	    bss	    dec	    hex	filename
  35332	   1216	  22596	  59144	   e708	nolast_sw.elf
Finished building: nolast_sw.elf.size
 
02:40:18 **** Auto Build of configuration Debug for project nolast_sw ****
make all 
Building file: ../src/helloworld.c
Invoking: ARM gcc compiler
arm-xilinx-eabi-gcc -Wall -O0 -g3 -c -fmessage-length=0 -MT"src/helloworld.o" -I../../no_last_standalone_bsp/ps7_cortexa9_0/include -MMD -MP -MF"src/helloworld.d" -MT"src/helloworld.d" -o "src/helloworld.o" "../src/helloworld.c"
Finished building: ../src/helloworld.c
 
Building target: nolast_sw.elf
Invoking: ARM gcc linker
arm-xilinx-eabi-gcc -Wl,-T -Wl,../src/lscript.ld -L../../no_last_standalone_bsp/ps7_cortexa9_0/lib -o "nolast_sw.elf"  ./src/dma_simple_mode.o ./src/helloworld.o ./src/io_reg.o ./src/platform.o ./src/union_t.o   -Wl,--start-group,-lxil,-lgcc,-lc,--end-group
Finished building target: nolast_sw.elf
 
Invoking: ARM Print Size
arm-xilinx-eabi-size nolast_sw.elf  |tee "nolast_sw.elf.size"
   text	   data	    bss	    dec	    hex	filename
  35332	   1216	  22596	  59144	   e708	nolast_sw.elf
Finished building: nolast_sw.elf.size
 
02:40:58 **** Auto Build of configuration Debug for project nolast_sw ****
make all 
Building file: ../src/helloworld.c
Invoking: ARM gcc compiler
arm-xilinx-eabi-gcc -Wall -O0 -g3 -c -fmessage-length=0 -MT"src/helloworld.o" -I../../no_last_standalone_bsp/ps7_cortexa9_0/include -MMD -MP -MF"src/helloworld.d" -MT"src/helloworld.d" -o "src/helloworld.o" "../src/helloworld.c"
Finished building: ../src/helloworld.c
 
Building target: nolast_sw.elf
Invoking: ARM gcc linker
arm-xilinx-eabi-gcc -Wl,-T -Wl,../src/lscript.ld -L../../no_last_standalone_bsp/ps7_cortexa9_0/lib -o "nolast_sw.elf"  ./src/dma_simple_mode.o ./src/helloworld.o ./src/io_reg.o ./src/platform.o ./src/union_t.o   -Wl,--start-group,-lxil,-lgcc,-lc,--end-group
Finished building target: nolast_sw.elf
 
Invoking: ARM Print Size
arm-xilinx-eabi-size nolast_sw.elf  |tee "nolast_sw.elf.size"
   text	   data	    bss	    dec	    hex	filename
  35332	   1216	  22596	  59144	   e708	nolast_sw.elf
Finished building: nolast_sw.elf.size
 
02:42:15 **** Auto Build of configuration Debug for project nolast_sw ****
make all 
Building file: ../src/dma_simple_mode.c
Invoking: ARM gcc compiler
arm-xilinx-eabi-gcc -Wall -O0 -g3 -c -fmessage-length=0 -MT"src/dma_simple_mode.o" -I../../no_last_standalone_bsp/ps7_cortexa9_0/include -MMD -MP -MF"src/dma_simple_mode.d" -MT"src/dma_simple_mode.d" -o "src/dma_simple_mode.o" "../src/dma_simple_mode.c"
Finished building: ../src/dma_simple_mode.c
 
Building file: ../src/helloworld.c
Invoking: ARM gcc compiler
arm-xilinx-eabi-gcc -Wall -O0 -g3 -c -fmessage-length=0 -MT"src/helloworld.o" -I../../no_last_standalone_bsp/ps7_cortexa9_0/include -MMD -MP -MF"src/helloworld.d" -MT"src/helloworld.d" -o "src/helloworld.o" "../src/helloworld.c"
Finished building: ../src/helloworld.c
 
Building target: nolast_sw.elf
Invoking: ARM gcc linker
arm-xilinx-eabi-gcc -Wl,-T -Wl,../src/lscript.ld -L../../no_last_standalone_bsp/ps7_cortexa9_0/lib -o "nolast_sw.elf"  ./src/dma_simple_mode.o ./src/helloworld.o ./src/io_reg.o ./src/platform.o ./src/union_t.o   -Wl,--start-group,-lxil,-lgcc,-lc,--end-group
Finished building target: nolast_sw.elf
 
Invoking: ARM Print Size
arm-xilinx-eabi-size nolast_sw.elf  |tee "nolast_sw.elf.size"
   text	   data	    bss	    dec	    hex	filename
  35332	   1216	  22596	  59144	   e708	nolast_sw.elf
Finished building: nolast_sw.elf.size
 
02:42:19 **** Auto Build of configuration Debug for project nolast_sw ****
make all 
Building file: ../src/dma_simple_mode.c
Invoking: ARM gcc compiler
arm-xilinx-eabi-gcc -Wall -O0 -g3 -c -fmessage-length=0 -MT"src/dma_simple_mode.o" -I../../no_last_standalone_bsp/ps7_cortexa9_0/include -MMD -MP -MF"src/dma_simple_mode.d" -MT"src/dma_simple_mode.d" -o "src/dma_simple_mode.o" "../src/dma_simple_mode.c"
Finished building: ../src/dma_simple_mode.c
 
Building file: ../src/helloworld.c
Invoking: ARM gcc compiler
arm-xilinx-eabi-gcc -Wall -O0 -g3 -c -fmessage-length=0 -MT"src/helloworld.o" -I../../no_last_standalone_bsp/ps7_cortexa9_0/include -MMD -MP -MF"src/helloworld.d" -MT"src/helloworld.d" -o "src/helloworld.o" "../src/helloworld.c"
Finished building: ../src/helloworld.c
 
Building target: nolast_sw.elf
Invoking: ARM gcc linker
arm-xilinx-eabi-gcc -Wl,-T -Wl,../src/lscript.ld -L../../no_last_standalone_bsp/ps7_cortexa9_0/lib -o "nolast_sw.elf"  ./src/dma_simple_mode.o ./src/helloworld.o ./src/io_reg.o ./src/platform.o ./src/union_t.o   -Wl,--start-group,-lxil,-lgcc,-lc,--end-group
Finished building target: nolast_sw.elf
 
Invoking: ARM Print Size
arm-xilinx-eabi-size nolast_sw.elf  |tee "nolast_sw.elf.size"
   text	   data	    bss	    dec	    hex	filename
  35332	   1216	  22596	  59144	   e708	nolast_sw.elf
Finished building: nolast_sw.elf.size
 
02:42:20 **** Incremental Build of configuration Debug for project no_last_sw_20bit ****
make all 
make: Nothing to be done for `all'.
02:42:21 **** Incremental Build of configuration Debug for project nolast_sw ****
make all 
make: Nothing to be done for `all'.
02:48:35 **** Auto Build of configuration Debug for project nolast_sw ****
make all 
Building file: ../src/helloworld.c
Invoking: ARM gcc compiler
arm-xilinx-eabi-gcc -Wall -O0 -g3 -c -fmessage-length=0 -MT"src/helloworld.o" -I../../no_last_standalone_bsp/ps7_cortexa9_0/include -MMD -MP -MF"src/helloworld.d" -MT"src/helloworld.d" -o "src/helloworld.o" "../src/helloworld.c"
Finished building: ../src/helloworld.c
 
Building target: nolast_sw.elf
Invoking: ARM gcc linker
arm-xilinx-eabi-gcc -Wl,-T -Wl,../src/lscript.ld -L../../no_last_standalone_bsp/ps7_cortexa9_0/lib -o "nolast_sw.elf"  ./src/dma_simple_mode.o ./src/helloworld.o ./src/io_reg.o ./src/platform.o ./src/union_t.o   -Wl,--start-group,-lxil,-lgcc,-lc,--end-group
Finished building target: nolast_sw.elf
 
Invoking: ARM Print Size
arm-xilinx-eabi-size nolast_sw.elf  |tee "nolast_sw.elf.size"
   text	   data	    bss	    dec	    hex	filename
  35332	   1216	  22596	  59144	   e708	nolast_sw.elf
Finished building: nolast_sw.elf.size
 
02:49:02 **** Auto Build of configuration Debug for project nolast_sw ****
make all 
Building file: ../src/helloworld.c
Invoking: ARM gcc compiler
arm-xilinx-eabi-gcc -Wall -O0 -g3 -c -fmessage-length=0 -MT"src/helloworld.o" -I../../no_last_standalone_bsp/ps7_cortexa9_0/include -MMD -MP -MF"src/helloworld.d" -MT"src/helloworld.d" -o "src/helloworld.o" "../src/helloworld.c"
Finished building: ../src/helloworld.c
 
Building target: nolast_sw.elf
Invoking: ARM gcc linker
arm-xilinx-eabi-gcc -Wl,-T -Wl,../src/lscript.ld -L../../no_last_standalone_bsp/ps7_cortexa9_0/lib -o "nolast_sw.elf"  ./src/dma_simple_mode.o ./src/helloworld.o ./src/io_reg.o ./src/platform.o ./src/union_t.o   -Wl,--start-group,-lxil,-lgcc,-lc,--end-group
Finished building target: nolast_sw.elf
 
Invoking: ARM Print Size
arm-xilinx-eabi-size nolast_sw.elf  |tee "nolast_sw.elf.size"
   text	   data	    bss	    dec	    hex	filename
  35332	   1216	  22596	  59144	   e708	nolast_sw.elf
Finished building: nolast_sw.elf.size
 
02:50:51 **** Auto Build of configuration Debug for project nolast_sw ****
make all 
Building file: ../src/helloworld.c
Invoking: ARM gcc compiler
arm-xilinx-eabi-gcc -Wall -O0 -g3 -c -fmessage-length=0 -MT"src/helloworld.o" -I../../no_last_standalone_bsp/ps7_cortexa9_0/include -MMD -MP -MF"src/helloworld.d" -MT"src/helloworld.d" -o "src/helloworld.o" "../src/helloworld.c"
Finished building: ../src/helloworld.c
 
Building target: nolast_sw.elf
Invoking: ARM gcc linker
arm-xilinx-eabi-gcc -Wl,-T -Wl,../src/lscript.ld -L../../no_last_standalone_bsp/ps7_cortexa9_0/lib -o "nolast_sw.elf"  ./src/dma_simple_mode.o ./src/helloworld.o ./src/io_reg.o ./src/platform.o ./src/union_t.o   -Wl,--start-group,-lxil,-lgcc,-lc,--end-group
Finished building target: nolast_sw.elf
 
Invoking: ARM Print Size
arm-xilinx-eabi-size nolast_sw.elf  |tee "nolast_sw.elf.size"
   text	   data	    bss	    dec	    hex	filename
  35332	   1216	  22596	  59144	   e708	nolast_sw.elf
Finished building: nolast_sw.elf.size
 
02:54:10 **** Auto Build of configuration Debug for project nolast_sw ****
make all 
Building file: ../src/helloworld.c
Invoking: ARM gcc compiler
arm-xilinx-eabi-gcc -Wall -O0 -g3 -c -fmessage-length=0 -MT"src/helloworld.o" -I../../no_last_standalone_bsp/ps7_cortexa9_0/include -MMD -MP -MF"src/helloworld.d" -MT"src/helloworld.d" -o "src/helloworld.o" "../src/helloworld.c"
Finished building: ../src/helloworld.c
 
Building target: nolast_sw.elf
Invoking: ARM gcc linker
arm-xilinx-eabi-gcc -Wl,-T -Wl,../src/lscript.ld -L../../no_last_standalone_bsp/ps7_cortexa9_0/lib -o "nolast_sw.elf"  ./src/dma_simple_mode.o ./src/helloworld.o ./src/io_reg.o ./src/platform.o ./src/union_t.o   -Wl,--start-group,-lxil,-lgcc,-lc,--end-group
Finished building target: nolast_sw.elf
 
Invoking: ARM Print Size
arm-xilinx-eabi-size nolast_sw.elf  |tee "nolast_sw.elf.size"
   text	   data	    bss	    dec	    hex	filename
  35332	   1216	  22596	  59144	   e708	nolast_sw.elf
Finished building: nolast_sw.elf.size
 
